main.c:98:6:clear_buff	16	static
main.c:105:6:prepare_buff_send	48	static
main.c:197:6:emergency_buff_send	8	static
main.c:215:6:dashboard	8	static
main.c:238:6:HAL_ADC_ConvCpltCallback	24	static
main.c:244:6:read_sw_button	8	static
main.c:314:5:main	168	static
main.c:419:6:SystemClock_Config	88	static
main.c:465:13:MX_ADC1_Init	24	static
main.c:518:13:MX_CAN_Init	8	static
main.c:555:13:MX_I2C1_Init	8	static
main.c:589:13:MX_TIM2_Init	32	static
main.c:632:13:MX_DMA_Init	16	static
main.c:650:13:MX_GPIO_Init	40	static
main.c:695:6:StartDefaultTask	16	static
main.c:715:6:StartTask01	16	static
main.c:738:6:StartTask02	16	static
main.c:758:6:Error_Handler	4	static,ignoring_inline_asm
