main.c:102:6:clear_buff	16	static
main.c:109:6:prepare_buff_send	48	static
main.c:224:6:emergency_buff_send	8	static
main.c:242:6:dashboard_button	8	static
main.c:264:6:HAL_ADC_ConvCpltCallback	24	static
main.c:270:6:read_light_sw	8	static
main.c:306:6:read_trim_button	8	static
main.c:338:5:main	216	static
main.c:455:6:SystemClock_Config	88	static
main.c:501:13:MX_ADC1_Init	24	static
main.c:554:13:MX_CAN_Init	8	static
main.c:591:13:MX_I2C1_Init	8	static
main.c:625:13:MX_TIM2_Init	32	static
main.c:668:13:MX_DMA_Init	16	static
main.c:686:13:MX_GPIO_Init	40	static
main.c:731:6:StartDefaultTask	16	static
main.c:751:6:StartTask01	16	static
main.c:773:6:StartTask02	16	static
main.c:801:6:Error_Handler	4	static,ignoring_inline_asm
