Archive member included to satisfy reference by file (symbol)

c:/st/stm32cubeide_1.5.0/stm32cubeide/plugins/com.st.stm32cube.ide.mcu.externaltools.gnu-tools-for-stm32.7-2018-q2-update.win32_1.5.0.202011040924/tools/bin/../lib/gcc/arm-none-eabi/7.3.1/../../../../arm-none-eabi/lib/thumb/v7-m\libc_nano.a(lib_a-errno.o)
                              Core/Src/syscalls.o (__errno)
c:/st/stm32cubeide_1.5.0/stm32cubeide/plugins/com.st.stm32cube.ide.mcu.externaltools.gnu-tools-for-stm32.7-2018-q2-update.win32_1.5.0.202011040924/tools/bin/../lib/gcc/arm-none-eabi/7.3.1/../../../../arm-none-eabi/lib/thumb/v7-m\libc_nano.a(lib_a-exit.o)
                              c:/st/stm32cubeide_1.5.0/stm32cubeide/plugins/com.st.stm32cube.ide.mcu.externaltools.gnu-tools-for-stm32.7-2018-q2-update.win32_1.5.0.202011040924/tools/bin/../lib/gcc/arm-none-eabi/7.3.1/../../../../arm-none-eabi/lib/thumb/v7-m/crt0.o (exit)
c:/st/stm32cubeide_1.5.0/stm32cubeide/plugins/com.st.stm32cube.ide.mcu.externaltools.gnu-tools-for-stm32.7-2018-q2-update.win32_1.5.0.202011040924/tools/bin/../lib/gcc/arm-none-eabi/7.3.1/../../../../arm-none-eabi/lib/thumb/v7-m\libc_nano.a(lib_a-impure.o)
                              c:/st/stm32cubeide_1.5.0/stm32cubeide/plugins/com.st.stm32cube.ide.mcu.externaltools.gnu-tools-for-stm32.7-2018-q2-update.win32_1.5.0.202011040924/tools/bin/../lib/gcc/arm-none-eabi/7.3.1/../../../../arm-none-eabi/lib/thumb/v7-m\libc_nano.a(lib_a-exit.o) (_global_impure_ptr)
c:/st/stm32cubeide_1.5.0/stm32cubeide/plugins/com.st.stm32cube.ide.mcu.externaltools.gnu-tools-for-stm32.7-2018-q2-update.win32_1.5.0.202011040924/tools/bin/../lib/gcc/arm-none-eabi/7.3.1/../../../../arm-none-eabi/lib/thumb/v7-m\libc_nano.a(lib_a-init.o)
                              c:/st/stm32cubeide_1.5.0/stm32cubeide/plugins/com.st.stm32cube.ide.mcu.externaltools.gnu-tools-for-stm32.7-2018-q2-update.win32_1.5.0.202011040924/tools/bin/../lib/gcc/arm-none-eabi/7.3.1/../../../../arm-none-eabi/lib/thumb/v7-m/crt0.o (__libc_init_array)
c:/st/stm32cubeide_1.5.0/stm32cubeide/plugins/com.st.stm32cube.ide.mcu.externaltools.gnu-tools-for-stm32.7-2018-q2-update.win32_1.5.0.202011040924/tools/bin/../lib/gcc/arm-none-eabi/7.3.1/../../../../arm-none-eabi/lib/thumb/v7-m\libc_nano.a(lib_a-malloc.o)
                              Core/Src/kalman_filter.o (malloc)
c:/st/stm32cubeide_1.5.0/stm32cubeide/plugins/com.st.stm32cube.ide.mcu.externaltools.gnu-tools-for-stm32.7-2018-q2-update.win32_1.5.0.202011040924/tools/bin/../lib/gcc/arm-none-eabi/7.3.1/../../../../arm-none-eabi/lib/thumb/v7-m\libc_nano.a(lib_a-memcpy-stub.o)
                              Middlewares/Third_Party/FreeRTOS/Source/queue.o (memcpy)
c:/st/stm32cubeide_1.5.0/stm32cubeide/plugins/com.st.stm32cube.ide.mcu.externaltools.gnu-tools-for-stm32.7-2018-q2-update.win32_1.5.0.202011040924/tools/bin/../lib/gcc/arm-none-eabi/7.3.1/../../../../arm-none-eabi/lib/thumb/v7-m\libc_nano.a(lib_a-memset.o)
                              c:/st/stm32cubeide_1.5.0/stm32cubeide/plugins/com.st.stm32cube.ide.mcu.externaltools.gnu-tools-for-stm32.7-2018-q2-update.win32_1.5.0.202011040924/tools/bin/../lib/gcc/arm-none-eabi/7.3.1/../../../../arm-none-eabi/lib/thumb/v7-m/crt0.o (memset)
c:/st/stm32cubeide_1.5.0/stm32cubeide/plugins/com.st.stm32cube.ide.mcu.externaltools.gnu-tools-for-stm32.7-2018-q2-update.win32_1.5.0.202011040924/tools/bin/../lib/gcc/arm-none-eabi/7.3.1/../../../../arm-none-eabi/lib/thumb/v7-m\libc_nano.a(lib_a-nano-freer.o)
                              c:/st/stm32cubeide_1.5.0/stm32cubeide/plugins/com.st.stm32cube.ide.mcu.externaltools.gnu-tools-for-stm32.7-2018-q2-update.win32_1.5.0.202011040924/tools/bin/../lib/gcc/arm-none-eabi/7.3.1/../../../../arm-none-eabi/lib/thumb/v7-m\libc_nano.a(lib_a-malloc.o) (_free_r)
c:/st/stm32cubeide_1.5.0/stm32cubeide/plugins/com.st.stm32cube.ide.mcu.externaltools.gnu-tools-for-stm32.7-2018-q2-update.win32_1.5.0.202011040924/tools/bin/../lib/gcc/arm-none-eabi/7.3.1/../../../../arm-none-eabi/lib/thumb/v7-m\libc_nano.a(lib_a-nano-mallocr.o)
                              c:/st/stm32cubeide_1.5.0/stm32cubeide/plugins/com.st.stm32cube.ide.mcu.externaltools.gnu-tools-for-stm32.7-2018-q2-update.win32_1.5.0.202011040924/tools/bin/../lib/gcc/arm-none-eabi/7.3.1/../../../../arm-none-eabi/lib/thumb/v7-m\libc_nano.a(lib_a-malloc.o) (_malloc_r)
c:/st/stm32cubeide_1.5.0/stm32cubeide/plugins/com.st.stm32cube.ide.mcu.externaltools.gnu-tools-for-stm32.7-2018-q2-update.win32_1.5.0.202011040924/tools/bin/../lib/gcc/arm-none-eabi/7.3.1/../../../../arm-none-eabi/lib/thumb/v7-m\libc_nano.a(lib_a-sbrkr.o)
                              c:/st/stm32cubeide_1.5.0/stm32cubeide/plugins/com.st.stm32cube.ide.mcu.externaltools.gnu-tools-for-stm32.7-2018-q2-update.win32_1.5.0.202011040924/tools/bin/../lib/gcc/arm-none-eabi/7.3.1/../../../../arm-none-eabi/lib/thumb/v7-m\libc_nano.a(lib_a-nano-mallocr.o) (_sbrk_r)
[...]
Memory Configuration

Name             Origin             Length             Attributes
RAM              0x0000000020000000 0x0000000000005000 xrw
FLASH            0x0000000008000000 0x0000000000010000 xr
*default*        0x0000000000000000 0xffffffffffffffff

Linker script and memory map

LOAD c:/st/stm32cubeide_1.5.0/stm32cubeide/plugins/com.st.stm32cube.ide.mcu.externaltools.gnu-tools-for-stm32.7-2018-q2-update.win32_1.5.0.202011040924/tools/bin/../lib/gcc/arm-none-eabi/7.3.1/thumb/v7-m/crti.o
LOAD c:/st/stm32cubeide_1.5.0/stm32cubeide/plugins/com.st.stm32cube.ide.mcu.externaltools.gnu-tools-for-stm32.7-2018-q2-update.win32_1.5.0.202011040924/tools/bin/../lib/gcc/arm-none-eabi/7.3.1/thumb/v7-m/crtbegin.o
LOAD c:/st/stm32cubeide_1.5.0/stm32cubeide/plugins/com.st.stm32cube.ide.mcu.externaltools.gnu-tools-for-stm32.7-2018-q2-update.win32_1.5.0.202011040924/tools/bin/../lib/gcc/arm-none-eabi/7.3.1/../../../../arm-none-eabi/lib/thumb/v7-m/crt0.o
LOAD Core/Src/freertos.o
LOAD Core/Src/kalman_filter.o
LOAD Core/Src/main.o
LOAD Core/Src/stm32f1xx_hal_msp.o
LOAD Core/Src/stm32f1xx_it.o
LOAD Core/Src/syscalls.o
LOAD Core/Src/sysmem.o
LOAD Core/Src/system_stm32f1xx.o
LOAD Core/Startup/startup_stm32f103c8tx.o
LOAD Drivers/STM32F1xx_HAL_Driver/Src/stm32f1xx_hal.o
LOAD Drivers/STM32F1xx_HAL_Driver/Src/stm32f1xx_hal_adc.o
LOAD Drivers/STM32F1xx_HAL_Driver/Src/stm32f1xx_hal_adc_ex.o
LOAD Drivers/STM32F1xx_HAL_Driver/Src/stm32f1xx_hal_can.o
LOAD Drivers/STM32F1xx_HAL_Driver/Src/stm32f1xx_hal_cortex.o
LOAD Drivers/STM32F1xx_HAL_Driver/Src/stm32f1xx_hal_dma.o
LOAD Drivers/STM32F1xx_HAL_Driver/Src/stm32f1xx_hal_exti.o
LOAD Drivers/STM32F1xx_HAL_Driver/Src/stm32f1xx_hal_flash.o
LOAD Drivers/STM32F1xx_HAL_Driver/Src/stm32f1xx_hal_flash_ex.o
LOAD Drivers/STM32F1xx_HAL_Driver/Src/stm32f1xx_hal_gpio.o
LOAD Drivers/STM32F1xx_HAL_Driver/Src/stm32f1xx_hal_gpio_ex.o
LOAD Drivers/STM32F1xx_HAL_Driver/Src/stm32f1xx_hal_i2c.o
LOAD Drivers/STM32F1xx_HAL_Driver/Src/stm32f1xx_hal_pwr.o
LOAD Drivers/STM32F1xx_HAL_Driver/Src/stm32f1xx_hal_rcc.o
LOAD Drivers/STM32F1xx_HAL_Driver/Src/stm32f1xx_hal_rcc_ex.o
LOAD Drivers/STM32F1xx_HAL_Driver/Src/stm32f1xx_hal_tim.o
LOAD Drivers/STM32F1xx_HAL_Driver/Src/stm32f1xx_hal_tim_ex.o
LOAD Middlewares/Third_Party/FreeRTOS/Source/CMSIS_RTOS/cmsis_os.o
LOAD Middlewares/Third_Party/FreeRTOS/Source/croutine.o
LOAD Middlewares/Third_Party/FreeRTOS/Source/event_groups.o
LOAD Middlewares/Third_Party/FreeRTOS/Source/list.o
LOAD Middlewares/Third_Party/FreeRTOS/Source/queue.o
LOAD Middlewares/Third_Party/FreeRTOS/Source/stream_buffer.o
LOAD Middlewares/Third_Party/FreeRTOS/Source/tasks.o
LOAD Middlewares/Third_Party/FreeRTOS/Source/timers.o
LOAD Middlewares/Third_Party/FreeRTOS/Source/portable/GCC/ARM_CM3/port.o
LOAD Middlewares/Third_Party/FreeRTOS/Source/portable/MemMang/heap_4.o
START GROUP
LOAD c:/st/stm32cubeide_1.5.0/stm32cubeide/plugins/com.st.stm32cube.ide.mcu.externaltools.gnu-tools-for-stm32.7-2018-q2-update.win32_1.5.0.202011040924/tools/bin/../lib/gcc/arm-none-eabi/7.3.1/../../../../arm-none-eabi/lib/thumb/v7-m\libc_nano.a
LOAD c:/st/stm32cubeide_1.5.0/stm32cubeide/plugins/com.st.stm32cube.ide.mcu.externaltools.gnu-tools-for-stm32.7-2018-q2-update.win32_1.5.0.202011040924/tools/bin/../lib/gcc/arm-none-eabi/7.3.1/../../../../arm-none-eabi/lib/thumb/v7-m\libm.a
END GROUP
START GROUP
LOAD c:/st/stm32cubeide_1.5.0/stm32cubeide/plugins/com.st.stm32cube.ide.mcu.externaltools.gnu-tools-for-stm32.7-2018-q2-update.win32_1.5.0.202011040924/tools/bin/../lib/gcc/arm-none-eabi/7.3.1/thumb/v7-m\libgcc.a
LOAD c:/st/stm32cubeide_1.5.0/stm32cubeide/plugins/com.st.stm32cube.ide.mcu.externaltools.gnu-tools-for-stm32.7-2018-q2-update.win32_1.5.0.202011040924/tools/bin/../lib/gcc/arm-none-eabi/7.3.1/../../../../arm-none-eabi/lib/thumb/v7-m\libc_nano.a
END GROUP
START GROUP
LOAD c:/st/stm32cubeide_1.5.0/stm32cubeide/plugins/com.st.stm32cube.ide.mcu.externaltools.gnu-tools-for-stm32.7-2018-q2-update.win32_1.5.0.202011040924/tools/bin/../lib/gcc/arm-none-eabi/7.3.1/thumb/v7-m\libgcc.a
LOAD c:/st/stm32cubeide_1.5.0/stm32cubeide/plugins/com.st.stm32cube.ide.mcu.externaltools.gnu-tools-for-stm32.7-2018-q2-update.win32_1.5.0.202011040924/tools/bin/../lib/gcc/arm-none-eabi/7.3.1/../../../../arm-none-eabi/lib/thumb/v7-m\libc_nano.a
LOAD c:/st/stm32cubeide_1.5.0/stm32cubeide/plugins/com.st.stm32cube.ide.mcu.externaltools.gnu-tools-for-stm32.7-2018-q2-update.win32_1.5.0.202011040924/tools/bin/../lib/gcc/arm-none-eabi/7.3.1/../../../../arm-none-eabi/lib/thumb/v7-m\libnosys.a
END GROUP
START GROUP
LOAD c:/st/stm32cubeide_1.5.0/stm32cubeide/plugins/com.st.stm32cube.ide.mcu.externaltools.gnu-tools-for-stm32.7-2018-q2-update.win32_1.5.0.202011040924/tools/bin/../lib/gcc/arm-none-eabi/7.3.1/thumb/v7-m\libgcc.a
LOAD c:/st/stm32cubeide_1.5.0/stm32cubeide/plugins/com.st.stm32cube.ide.mcu.externaltools.gnu-tools-for-stm32.7-2018-q2-update.win32_1.5.0.202011040924/tools/bin/../lib/gcc/arm-none-eabi/7.3.1/../../../../arm-none-eabi/lib/thumb/v7-m\libc_nano.a
LOAD c:/st/stm32cubeide_1.5.0/stm32cubeide/plugins/com.st.stm32cube.ide.mcu.externaltools.gnu-tools-for-stm32.7-2018-q2-update.win32_1.5.0.202011040924/tools/bin/../lib/gcc/arm-none-eabi/7.3.1/../../../../arm-none-eabi/lib/thumb/v7-m\libnosys.a
END GROUP
LOAD c:/st/stm32cubeide_1.5.0/stm32cubeide/plugins/com.st.stm32cube.ide.mcu.externaltools.gnu-tools-for-stm32.7-2018-q2-update.win32_1.5.0.202011040924/tools/bin/../lib/gcc/arm-none-eabi/7.3.1/thumb/v7-m/crtend.o
LOAD c:/st/stm32cubeide_1.5.0/stm32cubeide/plugins/com.st.stm32cube.ide.mcu.externaltools.gnu-tools-for-stm32.7-2018-q2-update.win32_1.5.0.202011040924/tools/bin/../lib/gcc/arm-none-eabi/7.3.1/thumb/v7-m/crtn.o
                0x0000000020005000                _estack = (ORIGIN (RAM) + LENGTH (RAM))
                0x0000000000000200                _Min_Heap_Size = 0x200
                0x0000000000000400                _Min_Stack_Size = 0x400

.isr_vector     0x0000000008000000      0x10c
                0x0000000008000000                . = ALIGN (0x4)
 *(.isr_vector)
 .isr_vector    0x0000000008000000      0x10c Core/Startup/startup_stm32f103c8tx.o
                0x0000000008000000                g_pfnVectors
                0x000000000800010c                . = ALIGN (0x4)

.text           0x0000000008000110     0x6998
                0x0000000008000110                . = ALIGN (0x4)
 *(.text)
 .text          0x0000000008000110       0x40 c:/st/stm32cubeide_1.5.0/stm32cubeide/plugins/com.st.stm32cube.ide.mcu.externaltools.gnu-tools-for-stm32.7-2018-q2-update.win32_1.5.0.202011040924/tools/bin/../lib/gcc/arm-none-eabi/7.3.1/thumb/v7-m/crtbegin.o
 .text          0x0000000008000150      0x21c c:/st/stm32cubeide_1.5.0/stm32cubeide/plugins/com.st.stm32cube.ide.mcu.externaltools.gnu-tools-for-stm32.7-2018-q2-update.win32_1.5.0.202011040924/tools/bin/../lib/gcc/arm-none-eabi/7.3.1/thumb/v7-m\libgcc.a(_arm_addsubsf3.o)
                0x0000000008000150                __aeabi_frsub
                0x0000000008000158                __subsf3
                0x0000000008000158                __aeabi_fsub
                0x000000000800015c                __aeabi_fadd
                0x000000000800015c                __addsf3
                0x00000000080002bc                __aeabi_ui2f
                0x00000000080002bc                __floatunsisf
                0x00000000080002c4                __aeabi_i2f
                0x00000000080002c4                __floatsisf
                0x00000000080002e0                __aeabi_ul2f
                0x00000000080002e0                __floatundisf
                0x00000000080002f0                __aeabi_l2f
                0x00000000080002f0                __floatdisf
 .text          0x000000000800036c      0x2a0 c:/st/stm32cubeide_1.5.0/stm32cubeide/plugins/com.st.stm32cube.ide.mcu.externaltools.gnu-tools-for-stm32.7-2018-q2-update.win32_1.5.0.202011040924/tools/bin/../lib/gcc/arm-none-eabi/7.3.1/thumb/v7-m\libgcc.a(_arm_muldivsf3.o)
                0x000000000800036c                __mulsf3
                0x000000000800036c                __aeabi_fmul
                0x00000000080004d4                __aeabi_fdiv
                0x00000000080004d4                __divsf3
 .text          0x000000000800060c       0x40 c:/st/stm32cubeide_1.5.0/stm32cubeide/plugins/com.st.stm32cube.ide.mcu.externaltools.gnu-tools-for-stm32.7-2018-q2-update.win32_1.5.0.202011040924/tools/bin/../lib/gcc/arm-none-eabi/7.3.1/thumb/v7-m\libgcc.a(_arm_fixunssfsi.o)
                0x000000000800060c                __fixunssfsi
                0x000000000800060c                __aeabi_f2uiz
 *(.text*)
 .text.vApplicationGetIdleTaskMemory
                0x000000000800064c       0x30 Core/Src/freertos.o
                0x000000000800064c                vApplicationGetIdleTaskMemory
 .text.create_kalman
                0x000000000800067c       0x4a Core/Src/kalman_filter.o
                0x000000000800067c                create_kalman
 .text.update_kalman
                0x00000000080006c6       0xca Core/Src/kalman_filter.o
                0x00000000080006c6                update_kalman
 .text.clear_buff
                0x0000000008000790       0x24 Core/Src/main.o
                0x0000000008000790                clear_buff
 .text.prepare_buff_send
                0x00000000080007b4      0x234 Core/Src/main.o
                0x00000000080007b4                prepare_buff_send
 .text.emergency_buff_send
                0x00000000080009e8       0x50 Core/Src/main.o
                0x00000000080009e8                emergency_buff_send
 .text.HAL_ADC_ConvCpltCallback
                0x0000000008000a38       0x6c Core/Src/main.o
                0x0000000008000a38                HAL_ADC_ConvCpltCallback
 .text.read_light_sw
                0x0000000008000aa4       0xac Core/Src/main.o
                0x0000000008000aa4                read_light_sw
 .text.read_trim_button
                0x0000000008000b50       0x6c Core/Src/main.o
                0x0000000008000b50                read_trim_button
 .text.main     0x0000000008000bbc      0x1f4 Core/Src/main.o
                0x0000000008000bbc                main
 .text.SystemClock_Config
                0x0000000008000db0       0xb6 Core/Src/main.o
                0x0000000008000db0                SystemClock_Config
 *fill*         0x0000000008000e66        0x2 
 .text.MX_ADC1_Init
                0x0000000008000e68       0x9c Core/Src/main.o
 .text.MX_CAN_Init
                0x0000000008000f04       0x6c Core/Src/main.o
 .text.MX_I2C1_Init
                0x0000000008000f70       0x5c Core/Src/main.o
 .text.MX_TIM2_Init
                0x0000000008000fcc       0x98 Core/Src/main.o
 .text.MX_DMA_Init
                0x0000000008001064       0x3c Core/Src/main.o
 .text.MX_GPIO_Init
                0x00000000080010a0       0xe4 Core/Src/main.o
 .text.StartDefaultTask
                0x0000000008001184       0x20 Core/Src/main.o
                0x0000000008001184                StartDefaultTask
 .text.StartTask01
                0x00000000080011a4       0x18 Core/Src/main.o
                0x00000000080011a4                StartTask01
 .text.StartTask02
                0x00000000080011bc       0xb4 Core/Src/main.o
                0x00000000080011bc                StartTask02
 .text.Error_Handler
                0x0000000008001270        0x8 Core/Src/main.o
                0x0000000008001270                Error_Handler
 .text.HAL_MspInit
                0x0000000008001278       0x70 Core/Src/stm32f1xx_hal_msp.o
                0x0000000008001278                HAL_MspInit
 .text.HAL_ADC_MspInit
                0x00000000080012e8       0xe0 Core/Src/stm32f1xx_hal_msp.o
                0x00000000080012e8                HAL_ADC_MspInit
 .text.HAL_CAN_MspInit
                0x00000000080013c8       0xa8 Core/Src/stm32f1xx_hal_msp.o
                0x00000000080013c8                HAL_CAN_MspInit
 .text.HAL_I2C_MspInit
                0x0000000008001470       0x7c Core/Src/stm32f1xx_hal_msp.o
                0x0000000008001470                HAL_I2C_MspInit
 .text.HAL_TIM_Base_MspInit
                0x00000000080014ec       0x48 Core/Src/stm32f1xx_hal_msp.o
                0x00000000080014ec                HAL_TIM_Base_MspInit
 .text.NMI_Handler
                0x0000000008001534        0x6 Core/Src/stm32f1xx_it.o
                0x0000000008001534                NMI_Handler
 .text.HardFault_Handler
                0x000000000800153a        0x6 Core/Src/stm32f1xx_it.o
                0x000000000800153a                HardFault_Handler
 .text.MemManage_Handler
                0x0000000008001540        0x6 Core/Src/stm32f1xx_it.o
                0x0000000008001540                MemManage_Handler
 .text.BusFault_Handler
                0x0000000008001546        0x6 Core/Src/stm32f1xx_it.o
                0x0000000008001546                BusFault_Handler
 .text.UsageFault_Handler
                0x000000000800154c        0x6 Core/Src/stm32f1xx_it.o
                0x000000000800154c                UsageFault_Handler
 .text.DebugMon_Handler
                0x0000000008001552        0xc Core/Src/stm32f1xx_it.o
                0x0000000008001552                DebugMon_Handler
 .text.SysTick_Handler
                0x000000000800155e       0x1a Core/Src/stm32f1xx_it.o
                0x000000000800155e                SysTick_Handler
 .text.DMA1_Channel1_IRQHandler
                0x0000000008001578       0x14 Core/Src/stm32f1xx_it.o
                0x0000000008001578                DMA1_Channel1_IRQHandler
 .text.ADC1_2_IRQHandler
                0x000000000800158c       0x14 Core/Src/stm32f1xx_it.o
                0x000000000800158c                ADC1_2_IRQHandler
 .text.USB_LP_CAN1_RX0_IRQHandler
                0x00000000080015a0       0x14 Core/Src/stm32f1xx_it.o
                0x00000000080015a0                USB_LP_CAN1_RX0_IRQHandler
 .text.TIM2_IRQHandler
                0x00000000080015b4       0x14 Core/Src/stm32f1xx_it.o
                0x00000000080015b4                TIM2_IRQHandler
 .text._sbrk    0x00000000080015c8       0x6c Core/Src/sysmem.o
                0x00000000080015c8                _sbrk
 .text.SystemInit
                0x0000000008001634        0xc Core/Src/system_stm32f1xx.o
                0x0000000008001634                SystemInit
 .text.Reset_Handler
                0x0000000008001640       0x48 Core/Startup/startup_stm32f103c8tx.o
                0x0000000008001640                Reset_Handler
 .text.Default_Handler
                0x0000000008001688        0x2 Core/Startup/startup_stm32f103c8tx.o
                0x0000000008001688                RTC_Alarm_IRQHandler
                0x0000000008001688                EXTI2_IRQHandler
                0x0000000008001688                TIM1_CC_IRQHandler
                0x0000000008001688                PVD_IRQHandler
                0x0000000008001688                EXTI3_IRQHandler
                0x0000000008001688                EXTI0_IRQHandler
                0x0000000008001688                I2C2_EV_IRQHandler
                0x0000000008001688                SPI1_IRQHandler
                0x0000000008001688                TAMPER_IRQHandler
                0x0000000008001688                DMA1_Channel4_IRQHandler
                0x0000000008001688                USART3_IRQHandler
                0x0000000008001688                RTC_IRQHandler
                0x0000000008001688                DMA1_Channel7_IRQHandler
                0x0000000008001688                CAN1_RX1_IRQHandler
                0x0000000008001688                TIM4_IRQHandler
                0x0000000008001688                I2C1_EV_IRQHandler
                0x0000000008001688                DMA1_Channel6_IRQHandler
                0x0000000008001688                TIM3_IRQHandler
                0x0000000008001688                RCC_IRQHandler
                0x0000000008001688                TIM1_TRG_COM_IRQHandler
                0x0000000008001688                Default_Handler
                0x0000000008001688                EXTI15_10_IRQHandler
                0x0000000008001688                EXTI9_5_IRQHandler
                0x0000000008001688                SPI2_IRQHandler
                0x0000000008001688                DMA1_Channel5_IRQHandler
                0x0000000008001688                EXTI4_IRQHandler
                0x0000000008001688                USB_HP_CAN1_TX_IRQHandler
                0x0000000008001688                DMA1_Channel3_IRQHandler
                0x0000000008001688                TIM1_UP_IRQHandler
                0x0000000008001688                WWDG_IRQHandler
                0x0000000008001688                TIM1_BRK_IRQHandler
                0x0000000008001688                EXTI1_IRQHandler
                0x0000000008001688                USART2_IRQHandler
                0x0000000008001688                I2C2_ER_IRQHandler
                0x0000000008001688                DMA1_Channel2_IRQHandler
                0x0000000008001688                CAN1_SCE_IRQHandler
                0x0000000008001688                FLASH_IRQHandler
                0x0000000008001688                USART1_IRQHandler
                0x0000000008001688                I2C1_ER_IRQHandler
                0x0000000008001688                USBWakeUp_IRQHandler
 *fill*         0x000000000800168a        0x2 
 .text.HAL_Init
                0x000000000800168c       0x2c Drivers/STM32F1xx_HAL_Driver/Src/stm32f1xx_hal.o
                0x000000000800168c                HAL_Init
 .text.HAL_InitTick
                0x00000000080016b8       0x60 Drivers/STM32F1xx_HAL_Driver/Src/stm32f1xx_hal.o
                0x00000000080016b8                HAL_InitTick
 .text.HAL_IncTick
                0x0000000008001718       0x24 Drivers/STM32F1xx_HAL_Driver/Src/stm32f1xx_hal.o
                0x0000000008001718                HAL_IncTick
 .text.HAL_GetTick
                0x000000000800173c       0x14 Drivers/STM32F1xx_HAL_Driver/Src/stm32f1xx_hal.o
                0x000000000800173c                HAL_GetTick
 .text.HAL_ADC_Init
                0x0000000008001750      0x1b0 Drivers/STM32F1xx_HAL_Driver/Src/stm32f1xx_hal_adc.o
                0x0000000008001750                HAL_ADC_Init
 .text.HAL_ADC_Start_DMA
                0x0000000008001900      0x1bc Drivers/STM32F1xx_HAL_Driver/Src/stm32f1xx_hal_adc.o
                0x0000000008001900                HAL_ADC_Start_DMA
 .text.HAL_ADC_IRQHandler
                0x0000000008001abc      0x186 Drivers/STM32F1xx_HAL_Driver/Src/stm32f1xx_hal_adc.o
                0x0000000008001abc                HAL_ADC_IRQHandler
 .text.HAL_ADC_ConvHalfCpltCallback
                0x0000000008001c42       0x12 Drivers/STM32F1xx_HAL_Driver/Src/stm32f1xx_hal_adc.o
                0x0000000008001c42                HAL_ADC_ConvHalfCpltCallback
 .text.HAL_ADC_LevelOutOfWindowCallback
                0x0000000008001c54       0x12 Drivers/STM32F1xx_HAL_Driver/Src/stm32f1xx_hal_adc.o
                0x0000000008001c54                HAL_ADC_LevelOutOfWindowCallback
 .text.HAL_ADC_ErrorCallback
                0x0000000008001c66       0x12 Drivers/STM32F1xx_HAL_Driver/Src/stm32f1xx_hal_adc.o
                0x0000000008001c66                HAL_ADC_ErrorCallback
 .text.HAL_ADC_ConfigChannel
                0x0000000008001c78      0x1f0 Drivers/STM32F1xx_HAL_Driver/Src/stm32f1xx_hal_adc.o
                0x0000000008001c78                HAL_ADC_ConfigChannel
 .text.ADC_Enable
                0x0000000008001e68       0xb4 Drivers/STM32F1xx_HAL_Driver/Src/stm32f1xx_hal_adc.o
                0x0000000008001e68                ADC_Enable
 .text.ADC_ConversionStop_Disable
                0x0000000008001f1c       0x82 Drivers/STM32F1xx_HAL_Driver/Src/stm32f1xx_hal_adc.o
                0x0000000008001f1c                ADC_ConversionStop_Disable
 .text.ADC_DMAConvCplt
                0x0000000008001f9e       0x7c Drivers/STM32F1xx_HAL_Driver/Src/stm32f1xx_hal_adc.o
                0x0000000008001f9e                ADC_DMAConvCplt
 .text.ADC_DMAHalfConvCplt
                0x000000000800201a       0x1c Drivers/STM32F1xx_HAL_Driver/Src/stm32f1xx_hal_adc.o
                0x000000000800201a                ADC_DMAHalfConvCplt
 .text.ADC_DMAError
                0x0000000008002036       0x34 Drivers/STM32F1xx_HAL_Driver/Src/stm32f1xx_hal_adc.o
                0x0000000008002036                ADC_DMAError
 .text.HAL_ADCEx_InjectedConvCpltCallback
                0x000000000800206a       0x12 Drivers/STM32F1xx_HAL_Driver/Src/stm32f1xx_hal_adc_ex.o
                0x000000000800206a                HAL_ADCEx_InjectedConvCpltCallback
 .text.HAL_CAN_Init
                0x000000000800207c      0x1f6 Drivers/STM32F1xx_HAL_Driver/Src/stm32f1xx_hal_can.o
                0x000000000800207c                HAL_CAN_Init
 .text.HAL_CAN_Start
                0x0000000008002272       0x88 Drivers/STM32F1xx_HAL_Driver/Src/stm32f1xx_hal_can.o
                0x0000000008002272                HAL_CAN_Start
 .text.HAL_CAN_AddTxMessage
                0x00000000080022fa      0x1b4 Drivers/STM32F1xx_HAL_Driver/Src/stm32f1xx_hal_can.o
                0x00000000080022fa                HAL_CAN_AddTxMessage
 .text.HAL_CAN_ActivateNotification
                0x00000000080024ae       0x4a Drivers/STM32F1xx_HAL_Driver/Src/stm32f1xx_hal_can.o
                0x00000000080024ae                HAL_CAN_ActivateNotification
 .text.HAL_CAN_IRQHandler
                0x00000000080024f8      0x362 Drivers/STM32F1xx_HAL_Driver/Src/stm32f1xx_hal_can.o
                0x00000000080024f8                HAL_CAN_IRQHandler
 .text.HAL_CAN_TxMailbox0CompleteCallback
                0x000000000800285a       0x12 Drivers/STM32F1xx_HAL_Driver/Src/stm32f1xx_hal_can.o
                0x000000000800285a                HAL_CAN_TxMailbox0CompleteCallback
 .text.HAL_CAN_TxMailbox1CompleteCallback
                0x000000000800286c       0x12 Drivers/STM32F1xx_HAL_Driver/Src/stm32f1xx_hal_can.o
                0x000000000800286c                HAL_CAN_TxMailbox1CompleteCallback
 .text.HAL_CAN_TxMailbox2CompleteCallback
                0x000000000800287e       0x12 Drivers/STM32F1xx_HAL_Driver/Src/stm32f1xx_hal_can.o
                0x000000000800287e                HAL_CAN_TxMailbox2CompleteCallback
 .text.HAL_CAN_TxMailbox0AbortCallback
                0x0000000008002890       0x12 Drivers/STM32F1xx_HAL_Driver/Src/stm32f1xx_hal_can.o
                0x0000000008002890                HAL_CAN_TxMailbox0AbortCallback
 .text.HAL_CAN_TxMailbox1AbortCallback
                0x00000000080028a2       0x12 Drivers/STM32F1xx_HAL_Driver/Src/stm32f1xx_hal_can.o
                0x00000000080028a2                HAL_CAN_TxMailbox1AbortCallback
 .text.HAL_CAN_TxMailbox2AbortCallback
                0x00000000080028b4       0x12 Drivers/STM32F1xx_HAL_Driver/Src/stm32f1xx_hal_can.o
                0x00000000080028b4                HAL_CAN_TxMailbox2AbortCallback
 .text.HAL_CAN_RxFifo0MsgPendingCallback
                0x00000000080028c6       0x12 Drivers/STM32F1xx_HAL_Driver/Src/stm32f1xx_hal_can.o
                0x00000000080028c6                HAL_CAN_RxFifo0MsgPendingCallback
 .text.HAL_CAN_RxFifo0FullCallback
                0x00000000080028d8       0x12 Drivers/STM32F1xx_HAL_Driver/Src/stm32f1xx_hal_can.o
                0x00000000080028d8                HAL_CAN_RxFifo0FullCallback
 .text.HAL_CAN_RxFifo1MsgPendingCallback
                0x00000000080028ea       0x12 Drivers/STM32F1xx_HAL_Driver/Src/stm32f1xx_hal_can.o
                0x00000000080028ea                HAL_CAN_RxFifo1MsgPendingCallback
 .text.HAL_CAN_RxFifo1FullCallback
                0x00000000080028fc       0x12 Drivers/STM32F1xx_HAL_Driver/Src/stm32f1xx_hal_can.o
                0x00000000080028fc                HAL_CAN_RxFifo1FullCallback
 .text.HAL_CAN_SleepCallback
                0x000000000800290e       0x12 Drivers/STM32F1xx_HAL_Driver/Src/stm32f1xx_hal_can.o
                0x000000000800290e                HAL_CAN_SleepCallback
 .text.HAL_CAN_WakeUpFromRxMsgCallback
                0x0000000008002920       0x12 Drivers/STM32F1xx_HAL_Driver/Src/stm32f1xx_hal_can.o
                0x0000000008002920                HAL_CAN_WakeUpFromRxMsgCallback
 .text.HAL_CAN_ErrorCallback
                0x0000000008002932       0x12 Drivers/STM32F1xx_HAL_Driver/Src/stm32f1xx_hal_can.o
                0x0000000008002932                HAL_CAN_ErrorCallback
 .text.__NVIC_SetPriorityGrouping
                0x0000000008002944       0x48 Drivers/STM32F1xx_HAL_Driver/Src/stm32f1xx_hal_cortex.o
 .text.__NVIC_GetPriorityGrouping
                0x000000000800298c       0x1c Drivers/STM32F1xx_HAL_Driver/Src/stm32f1xx_hal_cortex.o
 .text.__NVIC_EnableIRQ
                0x00000000080029a8       0x38 Drivers/STM32F1xx_HAL_Driver/Src/stm32f1xx_hal_cortex.o
 .text.__NVIC_SetPriority
                0x00000000080029e0       0x54 Drivers/STM32F1xx_HAL_Driver/Src/stm32f1xx_hal_cortex.o
 .text.NVIC_EncodePriority
                0x0000000008002a34       0x64 Drivers/STM32F1xx_HAL_Driver/Src/stm32f1xx_hal_cortex.o
 .text.SysTick_Config
                0x0000000008002a98       0x44 Drivers/STM32F1xx_HAL_Driver/Src/stm32f1xx_hal_cortex.o
 .text.HAL_NVIC_SetPriorityGrouping
                0x0000000008002adc       0x16 Drivers/STM32F1xx_HAL_Driver/Src/stm32f1xx_hal_cortex.o
                0x0000000008002adc                HAL_NVIC_SetPriorityGrouping
 .text.HAL_NVIC_SetPriority
                0x0000000008002af2       0x38 Drivers/STM32F1xx_HAL_Driver/Src/stm32f1xx_hal_cortex.o
                0x0000000008002af2                HAL_NVIC_SetPriority
 .text.HAL_NVIC_EnableIRQ
                0x0000000008002b2a       0x1c Drivers/STM32F1xx_HAL_Driver/Src/stm32f1xx_hal_cortex.o
                0x0000000008002b2a                HAL_NVIC_EnableIRQ
 .text.HAL_SYSTICK_Config
                0x0000000008002b46       0x18 Drivers/STM32F1xx_HAL_Driver/Src/stm32f1xx_hal_cortex.o
                0x0000000008002b46                HAL_SYSTICK_Config
 *fill*         0x0000000008002b5e        0x2 
 .text.HAL_DMA_Init
                0x0000000008002b60       0xb4 Drivers/STM32F1xx_HAL_Driver/Src/stm32f1xx_hal_dma.o
                0x0000000008002b60                HAL_DMA_Init
 .text.HAL_DMA_Start_IT
                0x0000000008002c14       0xbe Drivers/STM32F1xx_HAL_Driver/Src/stm32f1xx_hal_dma.o
                0x0000000008002c14                HAL_DMA_Start_IT
 *fill*         0x0000000008002cd2        0x2 
 .text.HAL_DMA_IRQHandler
                0x0000000008002cd4      0x20c Drivers/STM32F1xx_HAL_Driver/Src/stm32f1xx_hal_dma.o
                0x0000000008002cd4                HAL_DMA_IRQHandler
 .text.DMA_SetConfig
                0x0000000008002ee0       0x5a Drivers/STM32F1xx_HAL_Driver/Src/stm32f1xx_hal_dma.o
 *fill*         0x0000000008002f3a        0x2 
 .text.HAL_GPIO_Init
                0x0000000008002f3c      0x2b4 Drivers/STM32F1xx_HAL_Driver/Src/stm32f1xx_hal_gpio.o
                0x0000000008002f3c                HAL_GPIO_Init
 .text.HAL_GPIO_ReadPin
                0x00000000080031f0       0x2e Drivers/STM32F1xx_HAL_Driver/Src/stm32f1xx_hal_gpio.o
                0x00000000080031f0                HAL_GPIO_ReadPin
 .text.HAL_GPIO_WritePin
                0x000000000800321e       0x30 Drivers/STM32F1xx_HAL_Driver/Src/stm32f1xx_hal_gpio.o
                0x000000000800321e                HAL_GPIO_WritePin
 .text.HAL_GPIO_TogglePin
                0x000000000800324e       0x32 Drivers/STM32F1xx_HAL_Driver/Src/stm32f1xx_hal_gpio.o
                0x000000000800324e                HAL_GPIO_TogglePin
 .text.HAL_I2C_Init
                0x0000000008003280      0x270 Drivers/STM32F1xx_HAL_Driver/Src/stm32f1xx_hal_i2c.o
                0x0000000008003280                HAL_I2C_Init
 .text.HAL_RCC_OscConfig
                0x00000000080034f0      0x500 Drivers/STM32F1xx_HAL_Driver/Src/stm32f1xx_hal_rcc.o
                0x00000000080034f0                HAL_RCC_OscConfig
 .text.HAL_RCC_ClockConfig
                0x00000000080039f0      0x1d4 Drivers/STM32F1xx_HAL_Driver/Src/stm32f1xx_hal_rcc.o
                0x00000000080039f0                HAL_RCC_ClockConfig
 .text.HAL_RCC_GetSysClockFreq
                0x0000000008003bc4       0xc4 Drivers/STM32F1xx_HAL_Driver/Src/stm32f1xx_hal_rcc.o
                0x0000000008003bc4                HAL_RCC_GetSysClockFreq
 .text.HAL_RCC_GetHCLKFreq
                0x0000000008003c88       0x14 Drivers/STM32F1xx_HAL_Driver/Src/stm32f1xx_hal_rcc.o
                0x0000000008003c88                HAL_RCC_GetHCLKFreq
 .text.HAL_RCC_GetPCLK1Freq
                0x0000000008003c9c       0x28 Drivers/STM32F1xx_HAL_Driver/Src/stm32f1xx_hal_rcc.o
                0x0000000008003c9c                HAL_RCC_GetPCLK1Freq
 .text.RCC_Delay
                0x0000000008003cc4       0x3c Drivers/STM32F1xx_HAL_Driver/Src/stm32f1xx_hal_rcc.o
 .text.HAL_RCCEx_PeriphCLKConfig
                0x0000000008003d00      0x16c Drivers/STM32F1xx_HAL_Driver/Src/stm32f1xx_hal_rcc_ex.o
                0x0000000008003d00                HAL_RCCEx_PeriphCLKConfig
 .text.HAL_TIM_Base_Init
                0x0000000008003e6c       0x9e Drivers/STM32F1xx_HAL_Driver/Src/stm32f1xx_hal_tim.o
                0x0000000008003e6c                HAL_TIM_Base_Init
 .text.HAL_TIM_IRQHandler
                0x0000000008003f0a      0x210 Drivers/STM32F1xx_HAL_Driver/Src/stm32f1xx_hal_tim.o
                0x0000000008003f0a                HAL_TIM_IRQHandler
 .text.HAL_TIM_ConfigClockSource
                0x000000000800411a      0x16e Drivers/STM32F1xx_HAL_Driver/Src/stm32f1xx_hal_tim.o
                0x000000000800411a                HAL_TIM_ConfigClockSource
 .text.HAL_TIM_PeriodElapsedCallback
                0x0000000008004288       0x12 Drivers/STM32F1xx_HAL_Driver/Src/stm32f1xx_hal_tim.o
                0x0000000008004288                HAL_TIM_PeriodElapsedCallback
 .text.HAL_TIM_OC_DelayElapsedCallback
                0x000000000800429a       0x12 Drivers/STM32F1xx_HAL_Driver/Src/stm32f1xx_hal_tim.o
                0x000000000800429a                HAL_TIM_OC_DelayElapsedCallback
 .text.HAL_TIM_IC_CaptureCallback
                0x00000000080042ac       0x12 Drivers/STM32F1xx_HAL_Driver/Src/stm32f1xx_hal_tim.o
                0x00000000080042ac                HAL_TIM_IC_CaptureCallback
 .text.HAL_TIM_PWM_PulseFinishedCallback
                0x00000000080042be       0x12 Drivers/STM32F1xx_HAL_Driver/Src/stm32f1xx_hal_tim.o
                0x00000000080042be                HAL_TIM_PWM_PulseFinishedCallback
 .text.HAL_TIM_TriggerCallback
                0x00000000080042d0       0x12 Drivers/STM32F1xx_HAL_Driver/Src/stm32f1xx_hal_tim.o
                0x00000000080042d0                HAL_TIM_TriggerCallback
 *fill*         0x00000000080042e2        0x2 
 .text.TIM_Base_SetConfig
                0x00000000080042e4       0xc4 Drivers/STM32F1xx_HAL_Driver/Src/stm32f1xx_hal_tim.o
                0x00000000080042e4                TIM_Base_SetConfig
 .text.TIM_TI1_ConfigInputStage
                0x00000000080043a8       0x5c Drivers/STM32F1xx_HAL_Driver/Src/stm32f1xx_hal_tim.o
 .text.TIM_TI2_ConfigInputStage
                0x0000000008004404       0x5e Drivers/STM32F1xx_HAL_Driver/Src/stm32f1xx_hal_tim.o
 .text.TIM_ITRx_SetConfig
                0x0000000008004462       0x34 Drivers/STM32F1xx_HAL_Driver/Src/stm32f1xx_hal_tim.o
 .text.TIM_ETR_SetConfig
                0x0000000008004496       0x3e Drivers/STM32F1xx_HAL_Driver/Src/stm32f1xx_hal_tim.o
                0x0000000008004496                TIM_ETR_SetConfig
 .text.HAL_TIMEx_MasterConfigSynchronization
                0x00000000080044d4       0xbc Drivers/STM32F1xx_HAL_Driver/Src/stm32f1xx_hal_tim_ex.o
                0x00000000080044d4                HAL_TIMEx_MasterConfigSynchronization
 .text.HAL_TIMEx_CommutCallback
                0x0000000008004590       0x12 Drivers/STM32F1xx_HAL_Driver/Src/stm32f1xx_hal_tim_ex.o
                0x0000000008004590                HAL_TIMEx_CommutCallback
 .text.HAL_TIMEx_BreakCallback
                0x00000000080045a2       0x12 Drivers/STM32F1xx_HAL_Driver/Src/stm32f1xx_hal_tim_ex.o
                0x00000000080045a2                HAL_TIMEx_BreakCallback
 .text.makeFreeRtosPriority
                0x00000000080045b4       0x2e Middlewares/Third_Party/FreeRTOS/Source/CMSIS_RTOS/cmsis_os.o
 .text.inHandlerMode
                0x00000000080045e2       0x22 Middlewares/Third_Party/FreeRTOS/Source/CMSIS_RTOS/cmsis_os.o
 .text.osKernelStart
                0x0000000008004604        0xe Middlewares/Third_Party/FreeRTOS/Source/CMSIS_RTOS/cmsis_os.o
                0x0000000008004604                osKernelStart
 .text.osThreadCreate
                0x0000000008004612       0x98 Middlewares/Third_Party/FreeRTOS/Source/CMSIS_RTOS/cmsis_os.o
                0x0000000008004612                osThreadCreate
 .text.osDelay  0x00000000080046aa       0x28 Middlewares/Third_Party/FreeRTOS/Source/CMSIS_RTOS/cmsis_os.o
                0x00000000080046aa                osDelay
 .text.osMessageCreate
                0x00000000080046d2       0x52 Middlewares/Third_Party/FreeRTOS/Source/CMSIS_RTOS/cmsis_os.o
                0x00000000080046d2                osMessageCreate
 .text.osMessagePut
                0x0000000008004724       0x80 Middlewares/Third_Party/FreeRTOS/Source/CMSIS_RTOS/cmsis_os.o
                0x0000000008004724                osMessagePut
 .text.osMessageGet
                0x00000000080047a4       0xe8 Middlewares/Third_Party/FreeRTOS/Source/CMSIS_RTOS/cmsis_os.o
                0x00000000080047a4                osMessageGet
 .text.vListInitialise
                0x000000000800488c       0x3e Middlewares/Third_Party/FreeRTOS/Source/list.o
                0x000000000800488c                vListInitialise
 .text.vListInitialiseItem
                0x00000000080048ca       0x18 Middlewares/Third_Party/FreeRTOS/Source/list.o
                0x00000000080048ca                vListInitialiseItem
 .text.vListInsertEnd
                0x00000000080048e2       0x46 Middlewares/Third_Party/FreeRTOS/Source/list.o
                0x00000000080048e2                vListInsertEnd
 .text.vListInsert
                0x0000000008004928       0x70 Middlewares/Third_Party/FreeRTOS/Source/list.o
                0x0000000008004928                vListInsert
 .text.uxListRemove
                0x0000000008004998       0x52 Middlewares/Third_Party/FreeRTOS/Source/list.o
                0x0000000008004998                uxListRemove
 *fill*         0x00000000080049ea        0x2 
 .text.xQueueGenericReset
                0x00000000080049ec       0xd0 Middlewares/Third_Party/FreeRTOS/Source/queue.o
                0x00000000080049ec                xQueueGenericReset
 .text.xQueueGenericCreateStatic
                0x0000000008004abc       0xe4 Middlewares/Third_Party/FreeRTOS/Source/queue.o
                0x0000000008004abc                xQueueGenericCreateStatic
 .text.xQueueGenericCreate
                0x0000000008004ba0       0x7a Middlewares/Third_Party/FreeRTOS/Source/queue.o
                0x0000000008004ba0                xQueueGenericCreate
 .text.prvInitialiseNewQueue
                0x0000000008004c1a       0x3e Middlewares/Third_Party/FreeRTOS/Source/queue.o
 .text.xQueueGenericSend
                0x0000000008004c58      0x1f4 Middlewares/Third_Party/FreeRTOS/Source/queue.o
                0x0000000008004c58                xQueueGenericSend
 .text.xQueueGenericSendFromISR
                0x0000000008004e4c      0x128 Middlewares/Third_Party/FreeRTOS/Source/queue.o
                0x0000000008004e4c                xQueueGenericSendFromISR
 .text.xQueueReceive
                0x0000000008004f74      0x1b8 Middlewares/Third_Party/FreeRTOS/Source/queue.o
                0x0000000008004f74                xQueueReceive
 .text.xQueueReceiveFromISR
                0x000000000800512c       0xfa Middlewares/Third_Party/FreeRTOS/Source/queue.o
                0x000000000800512c                xQueueReceiveFromISR
 .text.prvCopyDataToQueue
                0x0000000008005226       0xd4 Middlewares/Third_Party/FreeRTOS/Source/queue.o
 .text.prvCopyDataFromQueue
                0x00000000080052fa       0x4c Middlewares/Third_Party/FreeRTOS/Source/queue.o
 .text.prvUnlockQueue
                0x0000000008005346       0xa4 Middlewares/Third_Party/FreeRTOS/Source/queue.o
 .text.prvIsQueueEmpty
                0x00000000080053ea       0x2c Middlewares/Third_Party/FreeRTOS/Source/queue.o
 .text.prvIsQueueFull
                0x0000000008005416       0x30 Middlewares/Third_Party/FreeRTOS/Source/queue.o
 .text.xTaskCreateStatic
                0x0000000008005446       0xb2 Middlewares/Third_Party/FreeRTOS/Source/tasks.o
                0x0000000008005446                xTaskCreateStatic
 .text.xTaskCreate
                0x00000000080054f8       0x8a Middlewares/Third_Party/FreeRTOS/Source/tasks.o
                0x00000000080054f8                xTaskCreate
 .text.prvInitialiseNewTask
                0x0000000008005582       0xfc Middlewares/Third_Party/FreeRTOS/Source/tasks.o
 *fill*         0x000000000800567e        0x2 
 .text.prvAddNewTaskToReadyList
                0x0000000008005680       0xd4 Middlewares/Third_Party/FreeRTOS/Source/tasks.o
 .text.vTaskDelay
                0x0000000008005754       0x68 Middlewares/Third_Party/FreeRTOS/Source/tasks.o
                0x0000000008005754                vTaskDelay
 .text.vTaskStartScheduler
                0x00000000080057bc       0xbc Middlewares/Third_Party/FreeRTOS/Source/tasks.o
                0x00000000080057bc                vTaskStartScheduler
 .text.vTaskSuspendAll
                0x0000000008005878       0x1c Middlewares/Third_Party/FreeRTOS/Source/tasks.o
                0x0000000008005878                vTaskSuspendAll
 .text.xTaskResumeAll
                0x0000000008005894      0x138 Middlewares/Third_Party/FreeRTOS/Source/tasks.o
                0x0000000008005894                xTaskResumeAll
 .text.xTaskIncrementTick
                0x00000000080059cc      0x178 Middlewares/Third_Party/FreeRTOS/Source/tasks.o
                0x00000000080059cc                xTaskIncrementTick
 .text.vTaskSwitchContext
                0x0000000008005b44       0xb4 Middlewares/Third_Party/FreeRTOS/Source/tasks.o
                0x0000000008005b44                vTaskSwitchContext
 .text.vTaskPlaceOnEventList
                0x0000000008005bf8       0x48 Middlewares/Third_Party/FreeRTOS/Source/tasks.o
                0x0000000008005bf8                vTaskPlaceOnEventList
 .text.xTaskRemoveFromEventList
                0x0000000008005c40       0xc4 Middlewares/Third_Party/FreeRTOS/Source/tasks.o
                0x0000000008005c40                xTaskRemoveFromEventList
 .text.vTaskInternalSetTimeOutState
                0x0000000008005d04       0x2c Middlewares/Third_Party/FreeRTOS/Source/tasks.o
                0x0000000008005d04                vTaskInternalSetTimeOutState
 .text.xTaskCheckForTimeOut
                0x0000000008005d30       0xc0 Middlewares/Third_Party/FreeRTOS/Source/tasks.o
                0x0000000008005d30                xTaskCheckForTimeOut
 .text.vTaskMissedYield
                0x0000000008005df0       0x18 Middlewares/Third_Party/FreeRTOS/Source/tasks.o
                0x0000000008005df0                vTaskMissedYield
 .text.prvIdleTask
                0x0000000008005e08       0x30 Middlewares/Third_Party/FreeRTOS/Source/tasks.o
 .text.prvInitialiseTaskLists
                0x0000000008005e38       0x80 Middlewares/Third_Party/FreeRTOS/Source/tasks.o
 .text.prvCheckTasksWaitingTermination
                0x0000000008005eb8       0x58 Middlewares/Third_Party/FreeRTOS/Source/tasks.o
 .text.prvDeleteTCB
                0x0000000008005f10       0x5c Middlewares/Third_Party/FreeRTOS/Source/tasks.o
 .text.prvResetNextTaskUnblockTime
                0x0000000008005f6c       0x48 Middlewares/Third_Party/FreeRTOS/Source/tasks.o
 .text.xTaskGetSchedulerState
                0x0000000008005fb4       0x3c Middlewares/Third_Party/FreeRTOS/Source/tasks.o
                0x0000000008005fb4                xTaskGetSchedulerState
 .text.xTaskPriorityDisinherit
                0x0000000008005ff0      0x108 Middlewares/Third_Party/FreeRTOS/Source/tasks.o
                0x0000000008005ff0                xTaskPriorityDisinherit
 .text.prvAddCurrentTaskToDelayedList
                0x00000000080060f8       0xcc Middlewares/Third_Party/FreeRTOS/Source/tasks.o
 .text.pxPortInitialiseStack
                0x00000000080061c4       0x58 Middlewares/Third_Party/FreeRTOS/Source/portable/GCC/ARM_CM3/port.o
                0x00000000080061c4                pxPortInitialiseStack
 .text.prvTaskExitError
                0x000000000800621c       0x50 Middlewares/Third_Party/FreeRTOS/Source/portable/GCC/ARM_CM3/port.o
 *fill*         0x000000000800626c        0x4 
 .text.SVC_Handler
                0x0000000008006270       0x28 Middlewares/Third_Party/FreeRTOS/Source/portable/GCC/ARM_CM3/port.o
                0x0000000008006270                SVC_Handler
 .text.prvPortStartFirstTask
                0x0000000008006298       0x20 Middlewares/Third_Party/FreeRTOS/Source/portable/GCC/ARM_CM3/port.o
 .text.xPortStartScheduler
                0x00000000080062b8       0xe0 Middlewares/Third_Party/FreeRTOS/Source/portable/GCC/ARM_CM3/port.o
                0x00000000080062b8                xPortStartScheduler
 .text.vPortEnterCritical
                0x0000000008006398       0x5c Middlewares/Third_Party/FreeRTOS/Source/portable/GCC/ARM_CM3/port.o
                0x0000000008006398                vPortEnterCritical
 .text.vPortExitCritical
                0x00000000080063f4       0x4c Middlewares/Third_Party/FreeRTOS/Source/portable/GCC/ARM_CM3/port.o
                0x00000000080063f4                vPortExitCritical
 .text.PendSV_Handler
                0x0000000008006440       0x48 Middlewares/Third_Party/FreeRTOS/Source/portable/GCC/ARM_CM3/port.o
                0x0000000008006440                PendSV_Handler
 .text.xPortSysTickHandler
                0x0000000008006488       0x40 Middlewares/Third_Party/FreeRTOS/Source/portable/GCC/ARM_CM3/port.o
                0x0000000008006488                xPortSysTickHandler
 .text.vPortSetupTimerInterrupt
                0x00000000080064c8       0x44 Middlewares/Third_Party/FreeRTOS/Source/portable/GCC/ARM_CM3/port.o
                0x00000000080064c8                vPortSetupTimerInterrupt
 .text.vPortValidateInterruptPriority
                0x000000000800650c       0x78 Middlewares/Third_Party/FreeRTOS/Source/portable/GCC/ARM_CM3/port.o
                0x000000000800650c                vPortValidateInterruptPriority
 .text.pvPortMalloc
                0x0000000008006584      0x184 Middlewares/Third_Party/FreeRTOS/Source/portable/MemMang/heap_4.o
                0x0000000008006584                pvPortMalloc
 .text.vPortFree
                0x0000000008006708       0xb0 Middlewares/Third_Party/FreeRTOS/Source/portable/MemMang/heap_4.o
                0x0000000008006708                vPortFree
 .text.prvHeapInit
                0x00000000080067b8       0xc4 Middlewares/Third_Party/FreeRTOS/Source/portable/MemMang/heap_4.o
 .text.prvInsertBlockIntoFreeList
                0x000000000800687c       0xb0 Middlewares/Third_Party/FreeRTOS/Source/portable/MemMang/heap_4.o
 .text.__errno  0x000000000800692c        0xc c:/st/stm32cubeide_1.5.0/stm32cubeide/plugins/com.st.stm32cube.ide.mcu.externaltools.gnu-tools-for-stm32.7-2018-q2-update.win32_1.5.0.202011040924/tools/bin/../lib/gcc/arm-none-eabi/7.3.1/../../../../arm-none-eabi/lib/thumb/v7-m\libc_nano.a(lib_a-errno.o)
                0x000000000800692c                __errno
 .text.__libc_init_array
                0x0000000008006938       0x48 c:/st/stm32cubeide_1.5.0/stm32cubeide/plugins/com.st.stm32cube.ide.mcu.externaltools.gnu-tools-for-stm32.7-2018-q2-update.win32_1.5.0.202011040924/tools/bin/../lib/gcc/arm-none-eabi/7.3.1/../../../../arm-none-eabi/lib/thumb/v7-m\libc_nano.a(lib_a-init.o)
                0x0000000008006938                __libc_init_array
 .text.malloc   0x0000000008006980       0x10 c:/st/stm32cubeide_1.5.0/stm32cubeide/plugins/com.st.stm32cube.ide.mcu.externaltools.gnu-tools-for-stm32.7-2018-q2-update.win32_1.5.0.202011040924/tools/bin/../lib/gcc/arm-none-eabi/7.3.1/../../../../arm-none-eabi/lib/thumb/v7-m\libc_nano.a(lib_a-malloc.o)
                0x0000000008006980                malloc
 .text.memcpy   0x0000000008006990       0x16 c:/st/stm32cubeide_1.5.0/stm32cubeide/plugins/com.st.stm32cube.ide.mcu.externaltools.gnu-tools-for-stm32.7-2018-q2-update.win32_1.5.0.202011040924/tools/bin/../lib/gcc/arm-none-eabi/7.3.1/../../../../arm-none-eabi/lib/thumb/v7-m\libc_nano.a(lib_a-memcpy-stub.o)
                0x0000000008006990                memcpy
 .text.memset   0x00000000080069a6       0x10 c:/st/stm32cubeide_1.5.0/stm32cubeide/plugins/com.st.stm32cube.ide.mcu.externaltools.gnu-tools-for-stm32.7-2018-q2-update.win32_1.5.0.202011040924/tools/bin/../lib/gcc/arm-none-eabi/7.3.1/../../../../arm-none-eabi/lib/thumb/v7-m\libc_nano.a(lib_a-memset.o)
                0x00000000080069a6                memset
 *fill*         0x00000000080069b6        0x2 
 .text._malloc_r
                0x00000000080069b8       0xb4 c:/st/stm32cubeide_1.5.0/stm32cubeide/plugins/com.st.stm32cube.ide.mcu.externaltools.gnu-tools-for-stm32.7-2018-q2-update.win32_1.5.0.202011040924/tools/bin/../lib/gcc/arm-none-eabi/7.3.1/../../../../arm-none-eabi/lib/thumb/v7-m\libc_nano.a(lib_a-nano-mallocr.o)
                0x00000000080069b8                _malloc_r
 .text._sbrk_r  0x0000000008006a6c       0x20 c:/st/stm32cubeide_1.5.0/stm32cubeide/plugins/com.st.stm32cube.ide.mcu.externaltools.gnu-tools-for-stm32.7-2018-q2-update.win32_1.5.0.202011040924/tools/bin/../lib/gcc/arm-none-eabi/7.3.1/../../../../arm-none-eabi/lib/thumb/v7-m\libc_nano.a(lib_a-sbrkr.o)
                0x0000000008006a6c                _sbrk_r
 .text.__malloc_lock
                0x0000000008006a8c        0x2 c:/st/stm32cubeide_1.5.0/stm32cubeide/plugins/com.st.stm32cube.ide.mcu.externaltools.gnu-tools-for-stm32.7-2018-q2-update.win32_1.5.0.202011040924/tools/bin/../lib/gcc/arm-none-eabi/7.3.1/../../../../arm-none-eabi/lib/thumb/v7-m\libc_nano.a(lib_a-mlock.o)
                0x0000000008006a8c                __malloc_lock
 .text.__malloc_unlock
                0x0000000008006a8e        0x2 c:/st/stm32cubeide_1.5.0/stm32cubeide/plugins/com.st.stm32cube.ide.mcu.externaltools.gnu-tools-for-stm32.7-2018-q2-update.win32_1.5.0.202011040924/tools/bin/../lib/gcc/arm-none-eabi/7.3.1/../../../../arm-none-eabi/lib/thumb/v7-m\libc_nano.a(lib_a-mlock.o)
                0x0000000008006a8e                __malloc_unlock
 *(.glue_7)
 .glue_7        0x0000000008006a90        0x0 linker stubs
 *(.glue_7t)
 .glue_7t       0x0000000008006a90        0x0 linker stubs
 *(.eh_frame)
 .eh_frame      0x0000000008006a90        0x0 c:/st/stm32cubeide_1.5.0/stm32cubeide/plugins/com.st.stm32cube.ide.mcu.externaltools.gnu-tools-for-stm32.7-2018-q2-update.win32_1.5.0.202011040924/tools/bin/../lib/gcc/arm-none-eabi/7.3.1/thumb/v7-m/crtbegin.o
 *(.init)
 .init          0x0000000008006a90        0x4 c:/st/stm32cubeide_1.5.0/stm32cubeide/plugins/com.st.stm32cube.ide.mcu.externaltools.gnu-tools-for-stm32.7-2018-q2-update.win32_1.5.0.202011040924/tools/bin/../lib/gcc/arm-none-eabi/7.3.1/thumb/v7-m/crti.o
                0x0000000008006a90                _init
 .init          0x0000000008006a94        0x8 c:/st/stm32cubeide_1.5.0/stm32cubeide/plugins/com.st.stm32cube.ide.mcu.externaltools.gnu-tools-for-stm32.7-2018-q2-update.win32_1.5.0.202011040924/tools/bin/../lib/gcc/arm-none-eabi/7.3.1/thumb/v7-m/crtn.o
 *(.fini)
 .fini          0x0000000008006a9c        0x4 c:/st/stm32cubeide_1.5.0/stm32cubeide/plugins/com.st.stm32cube.ide.mcu.externaltools.gnu-tools-for-stm32.7-2018-q2-update.win32_1.5.0.202011040924/tools/bin/../lib/gcc/arm-none-eabi/7.3.1/thumb/v7-m/crti.o
                0x0000000008006a9c                _fini
 .fini          0x0000000008006aa0        0x8 c:/st/stm32cubeide_1.5.0/stm32cubeide/plugins/com.st.stm32cube.ide.mcu.externaltools.gnu-tools-for-stm32.7-2018-q2-update.win32_1.5.0.202011040924/tools/bin/../lib/gcc/arm-none-eabi/7.3.1/thumb/v7-m/crtn.o
                0x0000000008006aa8                . = ALIGN (0x4)
                0x0000000008006aa8                _etext = .

.vfp11_veneer   0x0000000008006aa8        0x0
 .vfp11_veneer  0x0000000008006aa8        0x0 linker stubs

.v4_bx          0x0000000008006aa8        0x0
 .v4_bx         0x0000000008006aa8        0x0 linker stubs

.iplt           0x0000000008006aa8        0x0
 .iplt          0x0000000008006aa8        0x0 c:/st/stm32cubeide_1.5.0/stm32cubeide/plugins/com.st.stm32cube.ide.mcu.externaltools.gnu-tools-for-stm32.7-2018-q2-update.win32_1.5.0.202011040924/tools/bin/../lib/gcc/arm-none-eabi/7.3.1/thumb/v7-m/crtbegin.o

.rodata         0x0000000008006aa8       0xec
                0x0000000008006aa8                . = ALIGN (0x4)
 *(.rodata)
 .rodata        0x0000000008006aa8       0xb8 Core/Src/main.o
 .rodata        0x0000000008006b60       0x12 Drivers/STM32F1xx_HAL_Driver/Src/stm32f1xx_hal_rcc.o
 *fill*         0x0000000008006b72        0x2 
 .rodata        0x0000000008006b74        0x5 Middlewares/Third_Party/FreeRTOS/Source/tasks.o
 *(.rodata*)
 *fill*         0x0000000008006b79        0x3 
 .rodata.AHBPrescTable
                0x0000000008006b7c       0x10 Core/Src/system_stm32f1xx.o
                0x0000000008006b7c                AHBPrescTable
 .rodata.APBPrescTable
                0x0000000008006b8c        0x8 Core/Src/system_stm32f1xx.o
                0x0000000008006b8c                APBPrescTable
                0x0000000008006b94                . = ALIGN (0x4)

.rel.dyn        0x0000000008006b94        0x0
 .rel.iplt      0x0000000008006b94        0x0 c:/st/stm32cubeide_1.5.0/stm32cubeide/plugins/com.st.stm32cube.ide.mcu.externaltools.gnu-tools-for-stm32.7-2018-q2-update.win32_1.5.0.202011040924/tools/bin/../lib/gcc/arm-none-eabi/7.3.1/thumb/v7-m/crtbegin.o

.ARM.extab      0x0000000008006b94        0x0
                0x0000000008006b94                . = ALIGN (0x4)
 *(.ARM.extab* .gnu.linkonce.armextab.*)
                0x0000000008006b94                . = ALIGN (0x4)

.ARM            0x0000000008006b94        0x0
                0x0000000008006b94                . = ALIGN (0x4)
                0x0000000008006b94                __exidx_start = .
 *(.ARM.exidx*)
                0x0000000008006b94                __exidx_end = .
                0x0000000008006b94                . = ALIGN (0x4)

.preinit_array  0x0000000008006b94        0x0
                0x0000000008006b94                . = ALIGN (0x4)
                0x0000000008006b94                PROVIDE (__preinit_array_start = .)
 *(.preinit_array*)
                0x0000000008006b94                PROVIDE (__preinit_array_end = .)
                0x0000000008006b94                . = ALIGN (0x4)

.init_array     0x0000000008006b94        0x4
                0x0000000008006b94                . = ALIGN (0x4)
                0x0000000008006b94                PROVIDE (__init_array_start = .)
 *(SORT_BY_NAME(.init_array.*))
 *(.init_array*)
 .init_array    0x0000000008006b94        0x4 c:/st/stm32cubeide_1.5.0/stm32cubeide/plugins/com.st.stm32cube.ide.mcu.externaltools.gnu-tools-for-stm32.7-2018-q2-update.win32_1.5.0.202011040924/tools/bin/../lib/gcc/arm-none-eabi/7.3.1/thumb/v7-m/crtbegin.o
                0x0000000008006b98                PROVIDE (__init_array_end = .)
                0x0000000008006b98                . = ALIGN (0x4)

.fini_array     0x0000000008006b98        0x4
                0x0000000008006b98                . = ALIGN (0x4)
                [!provide]                        PROVIDE (__fini_array_start = .)
 *(SORT_BY_NAME(.fini_array.*))
 *(.fini_array*)
 .fini_array    0x0000000008006b98        0x4 c:/st/stm32cubeide_1.5.0/stm32cubeide/plugins/com.st.stm32cube.ide.mcu.externaltools.gnu-tools-for-stm32.7-2018-q2-update.win32_1.5.0.202011040924/tools/bin/../lib/gcc/arm-none-eabi/7.3.1/thumb/v7-m/crtbegin.o
                [!provide]                        PROVIDE (__fini_array_end = .)
                0x0000000008006b9c                . = ALIGN (0x4)
                0x0000000008006b9c                _sidata = LOADADDR (.data)

.data           0x0000000020000000       0x74 load address 0x0000000008006b9c
                0x0000000020000000                . = ALIGN (0x4)
                0x0000000020000000                _sdata = .
 *(.data)
 *(.data*)
 .data.SystemCoreClock
                0x0000000020000000        0x4 Core/Src/system_stm32f1xx.o
                0x0000000020000000                SystemCoreClock
 .data.uwTickPrio
                0x0000000020000004        0x4 Drivers/STM32F1xx_HAL_Driver/Src/stm32f1xx_hal.o
                0x0000000020000004                uwTickPrio
 .data.uwTickFreq
                0x0000000020000008        0x1 Drivers/STM32F1xx_HAL_Driver/Src/stm32f1xx_hal.o
                0x0000000020000008                uwTickFreq
 *fill*         0x0000000020000009        0x3 
 .data.uxCriticalNesting
                0x000000002000000c        0x4 Middlewares/Third_Party/FreeRTOS/Source/portable/GCC/ARM_CM3/port.o
 .data._impure_ptr
                0x0000000020000010        0x4 c:/st/stm32cubeide_1.5.0/stm32cubeide/plugins/com.st.stm32cube.ide.mcu.externaltools.gnu-tools-for-stm32.7-2018-q2-update.win32_1.5.0.202011040924/tools/bin/../lib/gcc/arm-none-eabi/7.3.1/../../../../arm-none-eabi/lib/thumb/v7-m\libc_nano.a(lib_a-impure.o)
                0x0000000020000010                _impure_ptr
 .data.impure_data
                0x0000000020000014       0x60 c:/st/stm32cubeide_1.5.0/stm32cubeide/plugins/com.st.stm32cube.ide.mcu.externaltools.gnu-tools-for-stm32.7-2018-q2-update.win32_1.5.0.202011040924/tools/bin/../lib/gcc/arm-none-eabi/7.3.1/../../../../arm-none-eabi/lib/thumb/v7-m\libc_nano.a(lib_a-impure.o)
 *(.RamFunc)
 *(.RamFunc*)
                0x0000000020000074                . = ALIGN (0x4)
                0x0000000020000074                _edata = .

.igot.plt       0x0000000020000074        0x0 load address 0x0000000008006c10
 .igot.plt      0x0000000020000074        0x0 c:/st/stm32cubeide_1.5.0/stm32cubeide/plugins/com.st.stm32cube.ide.mcu.externaltools.gnu-tools-for-stm32.7-2018-q2-update.win32_1.5.0.202011040924/tools/bin/../lib/gcc/arm-none-eabi/7.3.1/thumb/v7-m/crtbegin.o
                0x0000000020000074                . = ALIGN (0x4)

.bss            0x0000000020000074     0x1190 load address 0x0000000008006c10
                0x0000000020000074                _sbss = .
                0x0000000020000074                __bss_start__ = _sbss
 *(.bss)
 .bss           0x0000000020000074       0x1c c:/st/stm32cubeide_1.5.0/stm32cubeide/plugins/com.st.stm32cube.ide.mcu.externaltools.gnu-tools-for-stm32.7-2018-q2-update.win32_1.5.0.202011040924/tools/bin/../lib/gcc/arm-none-eabi/7.3.1/thumb/v7-m/crtbegin.o
 *(.bss*)
 .bss.xIdleTaskTCBBuffer
                0x0000000020000090       0x54 Core/Src/freertos.o
 .bss.xIdleStack
                0x00000000200000e4      0x200 Core/Src/freertos.o
 .bss.status_motor
                0x00000000200002e4        0x1 Core/Src/main.o
                0x00000000200002e4                status_motor
 .bss.trim_button
                0x00000000200002e5        0x1 Core/Src/main.o
                0x00000000200002e5                trim_button
 .bss.light_sw  0x00000000200002e6        0x1 Core/Src/main.o
                0x00000000200002e6                light_sw
 *fill*         0x00000000200002e7        0x1 
 .bss.pre_throttle.8119
                0x00000000200002e8        0x2 Core/Src/main.o
 .bss.pre_steering.8120
                0x00000000200002ea        0x2 Core/Src/main.o
 .bss.pre_light.8121
                0x00000000200002ec        0x2 Core/Src/main.o
 *fill*         0x00000000200002ee        0x2 
 .bss.__sbrk_heap_end
                0x00000000200002f0        0x4 Core/Src/sysmem.o
 .bss.pxCurrentTCB
                0x00000000200002f4        0x4 Middlewares/Third_Party/FreeRTOS/Source/tasks.o
                0x00000000200002f4                pxCurrentTCB
 .bss.pxReadyTasksLists
                0x00000000200002f8       0x8c Middlewares/Third_Party/FreeRTOS/Source/tasks.o
 .bss.xDelayedTaskList1
                0x0000000020000384       0x14 Middlewares/Third_Party/FreeRTOS/Source/tasks.o
 .bss.xDelayedTaskList2
                0x0000000020000398       0x14 Middlewares/Third_Party/FreeRTOS/Source/tasks.o
 .bss.pxDelayedTaskList
                0x00000000200003ac        0x4 Middlewares/Third_Party/FreeRTOS/Source/tasks.o
 .bss.pxOverflowDelayedTaskList
                0x00000000200003b0        0x4 Middlewares/Third_Party/FreeRTOS/Source/tasks.o
 .bss.xPendingReadyList
                0x00000000200003b4       0x14 Middlewares/Third_Party/FreeRTOS/Source/tasks.o
 .bss.xTasksWaitingTermination
                0x00000000200003c8       0x14 Middlewares/Third_Party/FreeRTOS/Source/tasks.o
 .bss.uxDeletedTasksWaitingCleanUp
                0x00000000200003dc        0x4 Middlewares/Third_Party/FreeRTOS/Source/tasks.o
 .bss.xSuspendedTaskList
                0x00000000200003e0       0x14 Middlewares/Third_Party/FreeRTOS/Source/tasks.o
 .bss.uxCurrentNumberOfTasks
                0x00000000200003f4        0x4 Middlewares/Third_Party/FreeRTOS/Source/tasks.o
 .bss.xTickCount
                0x00000000200003f8        0x4 Middlewares/Third_Party/FreeRTOS/Source/tasks.o
 .bss.uxTopReadyPriority
                0x00000000200003fc        0x4 Middlewares/Third_Party/FreeRTOS/Source/tasks.o
 .bss.xSchedulerRunning
                0x0000000020000400        0x4 Middlewares/Third_Party/FreeRTOS/Source/tasks.o
 .bss.uxPendedTicks
                0x0000000020000404        0x4 Middlewares/Third_Party/FreeRTOS/Source/tasks.o
 .bss.xYieldPending
                0x0000000020000408        0x4 Middlewares/Third_Party/FreeRTOS/Source/tasks.o
 .bss.xNumOfOverflows
                0x000000002000040c        0x4 Middlewares/Third_Party/FreeRTOS/Source/tasks.o
 .bss.uxTaskNumber
                0x0000000020000410        0x4 Middlewares/Third_Party/FreeRTOS/Source/tasks.o
 .bss.xNextTaskUnblockTime
                0x0000000020000414        0x4 Middlewares/Third_Party/FreeRTOS/Source/tasks.o
 .bss.xIdleTaskHandle
                0x0000000020000418        0x4 Middlewares/Third_Party/FreeRTOS/Source/tasks.o
 .bss.uxSchedulerSuspended
                0x000000002000041c        0x4 Middlewares/Third_Party/FreeRTOS/Source/tasks.o
 .bss.ucMaxSysCallPriority
                0x0000000020000420        0x1 Middlewares/Third_Party/FreeRTOS/Source/portable/GCC/ARM_CM3/port.o
 *fill*         0x0000000020000421        0x3 
 .bss.ulMaxPRIGROUPValue
                0x0000000020000424        0x4 Middlewares/Third_Party/FreeRTOS/Source/portable/GCC/ARM_CM3/port.o
 .bss.ucHeap    0x0000000020000428      0xc00 Middlewares/Third_Party/FreeRTOS/Source/portable/MemMang/heap_4.o
 .bss.xStart    0x0000000020001028        0x8 Middlewares/Third_Party/FreeRTOS/Source/portable/MemMang/heap_4.o
 .bss.pxEnd     0x0000000020001030        0x4 Middlewares/Third_Party/FreeRTOS/Source/portable/MemMang/heap_4.o
 .bss.xFreeBytesRemaining
                0x0000000020001034        0x4 Middlewares/Third_Party/FreeRTOS/Source/portable/MemMang/heap_4.o
 .bss.xMinimumEverFreeBytesRemaining
                0x0000000020001038        0x4 Middlewares/Third_Party/FreeRTOS/Source/portable/MemMang/heap_4.o
 .bss.xBlockAllocatedBit
                0x000000002000103c        0x4 Middlewares/Third_Party/FreeRTOS/Source/portable/MemMang/heap_4.o
 .bss.__malloc_free_list
                0x0000000020001040        0x4 c:/st/stm32cubeide_1.5.0/stm32cubeide/plugins/com.st.stm32cube.ide.mcu.externaltools.gnu-tools-for-stm32.7-2018-q2-update.win32_1.5.0.202011040924/tools/bin/../lib/gcc/arm-none-eabi/7.3.1/../../../../arm-none-eabi/lib/thumb/v7-m\libc_nano.a(lib_a-nano-mallocr.o)
                0x0000000020001040                __malloc_free_list
 .bss.__malloc_sbrk_start
                0x0000000020001044        0x4 c:/st/stm32cubeide_1.5.0/stm32cubeide/plugins/com.st.stm32cube.ide.mcu.externaltools.gnu-tools-for-stm32.7-2018-q2-update.win32_1.5.0.202011040924/tools/bin/../lib/gcc/arm-none-eabi/7.3.1/../../../../arm-none-eabi/lib/thumb/v7-m\libc_nano.a(lib_a-nano-mallocr.o)
                0x0000000020001044                __malloc_sbrk_start
 *(COMMON)
 COMMON         0x0000000020001048      0x1b4 Core/Src/main.o
                0x0000000020001048                dashboardHandle
                0x000000002000104c                q_throttle_controlHandle
                0x0000000020001050                q_trim_steeringHandle
                0x0000000020001054                rx_header
                0x0000000020001070                hi2c1
                0x00000000200010c4                q_disp_steeringHandle
                0x00000000200010c8                hcan
                0x00000000200010f0                q_light_controlHandle
                0x00000000200010f4                tx_mailbox
                0x00000000200010f8                adc_value
                0x00000000200010fc                hadc1
                0x000000002000112c                q_steering_controlHandle
                0x0000000020001130                send_messageHandle
                0x0000000020001134                kalman_1
                0x0000000020001138                tx_header
                0x0000000020001150                hdma_adc1
                0x0000000020001194                rx_data
                0x000000002000119c                q_disp_lightHandle
                0x00000000200011a0                htim2
                0x00000000200011e8                displayHandle
                0x00000000200011ec                q_disp_throttleHandle
                0x00000000200011f0                kalman_2
                0x00000000200011f4                tx_data
 COMMON         0x00000000200011fc        0x4 Drivers/STM32F1xx_HAL_Driver/Src/stm32f1xx_hal.o
                0x00000000200011fc                uwTick
 COMMON         0x0000000020001200        0x4 c:/st/stm32cubeide_1.5.0/stm32cubeide/plugins/com.st.stm32cube.ide.mcu.externaltools.gnu-tools-for-stm32.7-2018-q2-update.win32_1.5.0.202011040924/tools/bin/../lib/gcc/arm-none-eabi/7.3.1/../../../../arm-none-eabi/lib/thumb/v7-m\libc_nano.a(lib_a-reent.o)
                0x0000000020001200                errno
                0x0000000020001204                . = ALIGN (0x4)
                0x0000000020001204                _ebss = .
                0x0000000020001204                __bss_end__ = _ebss

._user_heap_stack
                0x0000000020001204      0x604 load address 0x0000000008006c10
                0x0000000020001208                . = ALIGN (0x8)
 *fill*         0x0000000020001204        0x4 
                [!provide]                        PROVIDE (end = .)
                0x0000000020001208                PROVIDE (_end = .)
                0x0000000020001408                . = (. + _Min_Heap_Size)
 *fill*         0x0000000020001208      0x200 
                0x0000000020001808                . = (. + _Min_Stack_Size)
 *fill*         0x0000000020001408      0x400 
                0x0000000020001808                . = ALIGN (0x8)

/DISCARD/
 libc.a(*)
 libm.a(*)
 libgcc.a(*)

.ARM.attributes
                0x0000000000000000       0x29
 *(.ARM.attributes)
 .ARM.attributes
                0x0000000000000000       0x1d c:/st/stm32cubeide_1.5.0/stm32cubeide/plugins/com.st.stm32cube.ide.mcu.externaltools.gnu-tools-for-stm32.7-2018-q2-update.win32_1.5.0.202011040924/tools/bin/../lib/gcc/arm-none-eabi/7.3.1/thumb/v7-m/crti.o
 .ARM.attributes
                0x000000000000001d       0x2d c:/st/stm32cubeide_1.5.0/stm32cubeide/plugins/com.st.stm32cube.ide.mcu.externaltools.gnu-tools-for-stm32.7-2018-q2-update.win32_1.5.0.202011040924/tools/bin/../lib/gcc/arm-none-eabi/7.3.1/thumb/v7-m/crtbegin.o
 .ARM.attributes
                0x000000000000004a       0x33 Core/Src/freertos.o
 .ARM.attributes
                0x000000000000007d       0x33 Core/Src/kalman_filter.o
 .ARM.attributes
                0x00000000000000b0       0x33 Core/Src/main.o
 .ARM.attributes
                0x00000000000000e3       0x33 Core/Src/stm32f1xx_hal_msp.o
 .ARM.attributes
                0x0000000000000116       0x33 Core/Src/stm32f1xx_it.o
 .ARM.attributes
                0x0000000000000149       0x33 Core/Src/sysmem.o
 .ARM.attributes
                0x000000000000017c       0x33 Core/Src/system_stm32f1xx.o
 .ARM.attributes
                0x00000000000001af       0x21 Core/Startup/startup_stm32f103c8tx.o
 .ARM.attributes
                0x00000000000001d0       0x33 Drivers/STM32F1xx_HAL_Driver/Src/stm32f1xx_hal.o
 .ARM.attributes
                0x0000000000000203       0x33 Drivers/STM32F1xx_HAL_Driver/Src/stm32f1xx_hal_adc.o
 .ARM.attributes
                0x0000000000000236       0x33 Drivers/STM32F1xx_HAL_Driver/Src/stm32f1xx_hal_adc_ex.o
 .ARM.attributes
                0x0000000000000269       0x33 Drivers/STM32F1xx_HAL_Driver/Src/stm32f1xx_hal_can.o
 .ARM.attributes
                0x000000000000029c       0x33 Drivers/STM32F1xx_HAL_Driver/Src/stm32f1xx_hal_cortex.o
 .ARM.attributes
                0x00000000000002cf       0x33 Drivers/STM32F1xx_HAL_Driver/Src/stm32f1xx_hal_dma.o
 .ARM.attributes
                0x0000000000000302       0x33 Drivers/STM32F1xx_HAL_Driver/Src/stm32f1xx_hal_gpio.o
 .ARM.attributes
                0x0000000000000335       0x33 Drivers/STM32F1xx_HAL_Driver/Src/stm32f1xx_hal_i2c.o
 .ARM.attributes
                0x0000000000000368       0x33 Drivers/STM32F1xx_HAL_Driver/Src/stm32f1xx_hal_rcc.o
 .ARM.attributes
                0x000000000000039b       0x33 Drivers/STM32F1xx_HAL_Driver/Src/stm32f1xx_hal_rcc_ex.o
 .ARM.attributes
                0x00000000000003ce       0x33 Drivers/STM32F1xx_HAL_Driver/Src/stm32f1xx_hal_tim.o
 .ARM.attributes
                0x0000000000000401       0x33 Drivers/STM32F1xx_HAL_Driver/Src/stm32f1xx_hal_tim_ex.o
 .ARM.attributes
                0x0000000000000434       0x33 Middlewares/Third_Party/FreeRTOS/Source/CMSIS_RTOS/cmsis_os.o
 .ARM.attributes
                0x0000000000000467       0x33 Middlewares/Third_Party/FreeRTOS/Source/list.o
 .ARM.attributes
                0x000000000000049a       0x33 Middlewares/Third_Party/FreeRTOS/Source/queue.o
 .ARM.attributes
                0x00000000000004cd       0x33 Middlewares/Third_Party/FreeRTOS/Source/tasks.o
 .ARM.attributes
                0x0000000000000500       0x33 Middlewares/Third_Party/FreeRTOS/Source/portable/GCC/ARM_CM3/port.o
 .ARM.attributes
                0x0000000000000533       0x33 Middlewares/Third_Party/FreeRTOS/Source/portable/MemMang/heap_4.o
 .ARM.attributes
                0x0000000000000566       0x2d c:/st/stm32cubeide_1.5.0/stm32cubeide/plugins/com.st.stm32cube.ide.mcu.externaltools.gnu-tools-for-stm32.7-2018-q2-update.win32_1.5.0.202011040924/tools/bin/../lib/gcc/arm-none-eabi/7.3.1/../../../../arm-none-eabi/lib/thumb/v7-m\libc_nano.a(lib_a-errno.o)
 .ARM.attributes
                0x0000000000000593       0x2d c:/st/stm32cubeide_1.5.0/stm32cubeide/plugins/com.st.stm32cube.ide.mcu.externaltools.gnu-tools-for-stm32.7-2018-q2-update.win32_1.5.0.202011040924/tools/bin/../lib/gcc/arm-none-eabi/7.3.1/../../../../arm-none-eabi/lib/thumb/v7-m\libc_nano.a(lib_a-impure.o)
 .ARM.attributes
                0x00000000000005c0       0x2d c:/st/stm32cubeide_1.5.0/stm32cubeide/plugins/com.st.stm32cube.ide.mcu.externaltools.gnu-tools-for-stm32.7-2018-q2-update.win32_1.5.0.202011040924/tools/bin/../lib/gcc/arm-none-eabi/7.3.1/../../../../arm-none-eabi/lib/thumb/v7-m\libc_nano.a(lib_a-init.o)
 .ARM.attributes
                0x00000000000005ed       0x2d c:/st/stm32cubeide_1.5.0/stm32cubeide/plugins/com.st.stm32cube.ide.mcu.externaltools.gnu-tools-for-stm32.7-2018-q2-update.win32_1.5.0.202011040924/tools/bin/../lib/gcc/arm-none-eabi/7.3.1/../../../../arm-none-eabi/lib/thumb/v7-m\libc_nano.a(lib_a-malloc.o)
 .ARM.attributes
                0x000000000000061a       0x2d c:/st/stm32cubeide_1.5.0/stm32cubeide/plugins/com.st.stm32cube.ide.mcu.externaltools.gnu-tools-for-stm32.7-2018-q2-update.win32_1.5.0.202011040924/tools/bin/../lib/gcc/arm-none-eabi/7.3.1/../../../../arm-none-eabi/lib/thumb/v7-m\libc_nano.a(lib_a-memcpy-stub.o)
 .ARM.attributes
                0x0000000000000647       0x2d c:/st/stm32cubeide_1.5.0/stm32cubeide/plugins/com.st.stm32cube.ide.mcu.externaltools.gnu-tools-for-stm32.7-2018-q2-update.win32_1.5.0.202011040924/tools/bin/../lib/gcc/arm-none-eabi/7.3.1/../../../../arm-none-eabi/lib/thumb/v7-m\libc_nano.a(lib_a-memset.o)
 .ARM.attributes
                0x0000000000000674       0x2d c:/st/stm32cubeide_1.5.0/stm32cubeide/plugins/com.st.stm32cube.ide.mcu.externaltools.gnu-tools-for-stm32.7-2018-q2-update.win32_1.5.0.202011040924/tools/bin/../lib/gcc/arm-none-eabi/7.3.1/../../../../arm-none-eabi/lib/thumb/v7-m\libc_nano.a(lib_a-nano-mallocr.o)
 .ARM.attributes
                0x00000000000006a1       0x2d c:/st/stm32cubeide_1.5.0/stm32cubeide/plugins/com.st.stm32cube.ide.mcu.externaltools.gnu-tools-for-stm32.7-2018-q2-update.win32_1.5.0.202011040924/tools/bin/../lib/gcc/arm-none-eabi/7.3.1/../../../../arm-none-eabi/lib/thumb/v7-m\libc_nano.a(lib_a-sbrkr.o)
 .ARM.attributes
                0x00000000000006ce       0x2d c:/st/stm32cubeide_1.5.0/stm32cubeide/plugins/com.st.stm32cube.ide.mcu.externaltools.gnu-tools-for-stm32.7-2018-q2-update.win32_1.5.0.202011040924/tools/bin/../lib/gcc/arm-none-eabi/7.3.1/../../../../arm-none-eabi/lib/thumb/v7-m\libc_nano.a(lib_a-mlock.o)
 .ARM.attributes
                0x00000000000006fb       0x2d c:/st/stm32cubeide_1.5.0/stm32cubeide/plugins/com.st.stm32cube.ide.mcu.externaltools.gnu-tools-for-stm32.7-2018-q2-update.win32_1.5.0.202011040924/tools/bin/../lib/gcc/arm-none-eabi/7.3.1/../../../../arm-none-eabi/lib/thumb/v7-m\libc_nano.a(lib_a-reent.o)
 .ARM.attributes
                0x0000000000000728       0x1d c:/st/stm32cubeide_1.5.0/stm32cubeide/plugins/com.st.stm32cube.ide.mcu.externaltools.gnu-tools-for-stm32.7-2018-q2-update.win32_1.5.0.202011040924/tools/bin/../lib/gcc/arm-none-eabi/7.3.1/thumb/v7-m\libgcc.a(_arm_addsubsf3.o)
 .ARM.attributes
                0x0000000000000745       0x1d c:/st/stm32cubeide_1.5.0/stm32cubeide/plugins/com.st.stm32cube.ide.mcu.externaltools.gnu-tools-for-stm32.7-2018-q2-update.win32_1.5.0.202011040924/tools/bin/../lib/gcc/arm-none-eabi/7.3.1/thumb/v7-m\libgcc.a(_arm_muldivsf3.o)
 .ARM.attributes
                0x0000000000000762       0x1d c:/st/stm32cubeide_1.5.0/stm32cubeide/plugins/com.st.stm32cube.ide.mcu.externaltools.gnu-tools-for-stm32.7-2018-q2-update.win32_1.5.0.202011040924/tools/bin/../lib/gcc/arm-none-eabi/7.3.1/thumb/v7-m\libgcc.a(_arm_fixunssfsi.o)
 .ARM.attributes
                0x000000000000077f       0x1d c:/st/stm32cubeide_1.5.0/stm32cubeide/plugins/com.st.stm32cube.ide.mcu.externaltools.gnu-tools-for-stm32.7-2018-q2-update.win32_1.5.0.202011040924/tools/bin/../lib/gcc/arm-none-eabi/7.3.1/thumb/v7-m/crtn.o
OUTPUT(CAN_node_1.elf elf32-littlearm)

.debug_info     0x0000000000000000    0x18b34
 .debug_info    0x0000000000000000      0x355 Core/Src/freertos.o
 .debug_info    0x0000000000000355      0x143 Core/Src/kalman_filter.o
 .debug_info    0x0000000000000498     0x27b3 Core/Src/main.o
 .debug_info    0x0000000000002c4b     0x144b Core/Src/stm32f1xx_hal_msp.o
 .debug_info    0x0000000000004096      0xcf9 Core/Src/stm32f1xx_it.o
 .debug_info    0x0000000000004d8f      0x985 Core/Src/sysmem.o
 .debug_info    0x0000000000005714      0x29a Core/Src/system_stm32f1xx.o
 .debug_info    0x00000000000059ae       0x22 Core/Startup/startup_stm32f103c8tx.o
 .debug_info    0x00000000000059d0      0x714 Drivers/STM32F1xx_HAL_Driver/Src/stm32f1xx_hal.o
 .debug_info    0x00000000000060e4      0xc6c Drivers/STM32F1xx_HAL_Driver/Src/stm32f1xx_hal_adc.o
 .debug_info    0x0000000000006d50      0xa06 Drivers/STM32F1xx_HAL_Driver/Src/stm32f1xx_hal_adc_ex.o
 .debug_info    0x0000000000007756      0xf9d Drivers/STM32F1xx_HAL_Driver/Src/stm32f1xx_hal_can.o
 .debug_info    0x00000000000086f3      0xb51 Drivers/STM32F1xx_HAL_Driver/Src/stm32f1xx_hal_cortex.o
 .debug_info    0x0000000000009244      0x7b1 Drivers/STM32F1xx_HAL_Driver/Src/stm32f1xx_hal_dma.o
 .debug_info    0x00000000000099f5      0x69b Drivers/STM32F1xx_HAL_Driver/Src/stm32f1xx_hal_gpio.o
 .debug_info    0x000000000000a090     0x256e Drivers/STM32F1xx_HAL_Driver/Src/stm32f1xx_hal_i2c.o
 .debug_info    0x000000000000c5fe      0x80f Drivers/STM32F1xx_HAL_Driver/Src/stm32f1xx_hal_rcc.o
 .debug_info    0x000000000000ce0d      0x444 Drivers/STM32F1xx_HAL_Driver/Src/stm32f1xx_hal_rcc_ex.o
 .debug_info    0x000000000000d251     0x27f1 Drivers/STM32F1xx_HAL_Driver/Src/stm32f1xx_hal_tim.o
 .debug_info    0x000000000000fa42     0x13ab Drivers/STM32F1xx_HAL_Driver/Src/stm32f1xx_hal_tim_ex.o
 .debug_info    0x0000000000010ded     0x1e5d Middlewares/Third_Party/FreeRTOS/Source/CMSIS_RTOS/cmsis_os.o
 .debug_info    0x0000000000012c4a      0xac5 Middlewares/Third_Party/FreeRTOS/Source/list.o
 .debug_info    0x000000000001370f     0x1f2d Middlewares/Third_Party/FreeRTOS/Source/queue.o
 .debug_info    0x000000000001563c     0x243c Middlewares/Third_Party/FreeRTOS/Source/tasks.o
 .debug_info    0x0000000000017a78      0x4d2 Middlewares/Third_Party/FreeRTOS/Source/portable/GCC/ARM_CM3/port.o
 .debug_info    0x0000000000017f4a      0xbea Middlewares/Third_Party/FreeRTOS/Source/portable/MemMang/heap_4.o

.debug_abbrev   0x0000000000000000     0x3548
 .debug_abbrev  0x0000000000000000      0x11a Core/Src/freertos.o
 .debug_abbrev  0x000000000000011a       0xcd Core/Src/kalman_filter.o
 .debug_abbrev  0x00000000000001e7      0x384 Core/Src/main.o
 .debug_abbrev  0x000000000000056b      0x229 Core/Src/stm32f1xx_hal_msp.o
 .debug_abbrev  0x0000000000000794      0x1b4 Core/Src/stm32f1xx_it.o
 .debug_abbrev  0x0000000000000948      0x19b Core/Src/sysmem.o
 .debug_abbrev  0x0000000000000ae3      0x134 Core/Src/system_stm32f1xx.o
 .debug_abbrev  0x0000000000000c17       0x12 Core/Startup/startup_stm32f103c8tx.o
 .debug_abbrev  0x0000000000000c29      0x1c7 Drivers/STM32F1xx_HAL_Driver/Src/stm32f1xx_hal.o
 .debug_abbrev  0x0000000000000df0      0x1d5 Drivers/STM32F1xx_HAL_Driver/Src/stm32f1xx_hal_adc.o
 .debug_abbrev  0x0000000000000fc5      0x1f5 Drivers/STM32F1xx_HAL_Driver/Src/stm32f1xx_hal_adc_ex.o
 .debug_abbrev  0x00000000000011ba      0x20e Drivers/STM32F1xx_HAL_Driver/Src/stm32f1xx_hal_can.o
 .debug_abbrev  0x00000000000013c8      0x2d5 Drivers/STM32F1xx_HAL_Driver/Src/stm32f1xx_hal_cortex.o
 .debug_abbrev  0x000000000000169d      0x1fe Drivers/STM32F1xx_HAL_Driver/Src/stm32f1xx_hal_dma.o
 .debug_abbrev  0x000000000000189b      0x1c0 Drivers/STM32F1xx_HAL_Driver/Src/stm32f1xx_hal_gpio.o
 .debug_abbrev  0x0000000000001a5b      0x258 Drivers/STM32F1xx_HAL_Driver/Src/stm32f1xx_hal_i2c.o
 .debug_abbrev  0x0000000000001cb3      0x243 Drivers/STM32F1xx_HAL_Driver/Src/stm32f1xx_hal_rcc.o
 .debug_abbrev  0x0000000000001ef6      0x175 Drivers/STM32F1xx_HAL_Driver/Src/stm32f1xx_hal_rcc_ex.o
 .debug_abbrev  0x000000000000206b      0x230 Drivers/STM32F1xx_HAL_Driver/Src/stm32f1xx_hal_tim.o
 .debug_abbrev  0x000000000000229b      0x236 Drivers/STM32F1xx_HAL_Driver/Src/stm32f1xx_hal_tim_ex.o
 .debug_abbrev  0x00000000000024d1      0x379 Middlewares/Third_Party/FreeRTOS/Source/CMSIS_RTOS/cmsis_os.o
 .debug_abbrev  0x000000000000284a      0x1cf Middlewares/Third_Party/FreeRTOS/Source/list.o
 .debug_abbrev  0x0000000000002a19      0x354 Middlewares/Third_Party/FreeRTOS/Source/queue.o
 .debug_abbrev  0x0000000000002d6d      0x338 Middlewares/Third_Party/FreeRTOS/Source/tasks.o
 .debug_abbrev  0x00000000000030a5      0x205 Middlewares/Third_Party/FreeRTOS/Source/portable/GCC/ARM_CM3/port.o
 .debug_abbrev  0x00000000000032aa      0x29e Middlewares/Third_Party/FreeRTOS/Source/portable/MemMang/heap_4.o

.debug_aranges  0x0000000000000000     0x15c0
 .debug_aranges
                0x0000000000000000       0x20 Core/Src/freertos.o
 .debug_aranges
                0x0000000000000020       0x28 Core/Src/kalman_filter.o
 .debug_aranges
                0x0000000000000048       0xb0 Core/Src/main.o
 .debug_aranges
                0x00000000000000f8       0x60 Core/Src/stm32f1xx_hal_msp.o
 .debug_aranges
                0x0000000000000158       0x70 Core/Src/stm32f1xx_it.o
 .debug_aranges
                0x00000000000001c8       0x20 Core/Src/sysmem.o
 .debug_aranges
                0x00000000000001e8       0x28 Core/Src/system_stm32f1xx.o
 .debug_aranges
                0x0000000000000210       0x28 Core/Startup/startup_stm32f103c8tx.o
 .debug_aranges
                0x0000000000000238       0xe0 Drivers/STM32F1xx_HAL_Driver/Src/stm32f1xx_hal.o
 .debug_aranges
                0x0000000000000318       0xf0 Drivers/STM32F1xx_HAL_Driver/Src/stm32f1xx_hal_adc.o
 .debug_aranges
                0x0000000000000408       0x80 Drivers/STM32F1xx_HAL_Driver/Src/stm32f1xx_hal_adc_ex.o
 .debug_aranges
                0x0000000000000488      0x138 Drivers/STM32F1xx_HAL_Driver/Src/stm32f1xx_hal_can.o
 .debug_aranges
                0x00000000000005c0      0x100 Drivers/STM32F1xx_HAL_Driver/Src/stm32f1xx_hal_cortex.o
 .debug_aranges
                0x00000000000006c0       0x80 Drivers/STM32F1xx_HAL_Driver/Src/stm32f1xx_hal_dma.o
 .debug_aranges
                0x0000000000000740       0x58 Drivers/STM32F1xx_HAL_Driver/Src/stm32f1xx_hal_gpio.o
 .debug_aranges
                0x0000000000000798      0x2a0 Drivers/STM32F1xx_HAL_Driver/Src/stm32f1xx_hal_i2c.o
 .debug_aranges
                0x0000000000000a38       0x90 Drivers/STM32F1xx_HAL_Driver/Src/stm32f1xx_hal_rcc.o
 .debug_aranges
                0x0000000000000ac8       0x30 Drivers/STM32F1xx_HAL_Driver/Src/stm32f1xx_hal_rcc_ex.o
 .debug_aranges
                0x0000000000000af8      0x3d0 Drivers/STM32F1xx_HAL_Driver/Src/stm32f1xx_hal_tim.o
 .debug_aranges
                0x0000000000000ec8      0x168 Drivers/STM32F1xx_HAL_Driver/Src/stm32f1xx_hal_tim_ex.o
 .debug_aranges
                0x0000000000001030      0x1d8 Middlewares/Third_Party/FreeRTOS/Source/CMSIS_RTOS/cmsis_os.o
 .debug_aranges
                0x0000000000001208       0x40 Middlewares/Third_Party/FreeRTOS/Source/list.o
 .debug_aranges
                0x0000000000001248      0x108 Middlewares/Third_Party/FreeRTOS/Source/queue.o
 .debug_aranges
                0x0000000000001350      0x1a8 Middlewares/Third_Party/FreeRTOS/Source/tasks.o
 .debug_aranges
                0x00000000000014f8       0x78 Middlewares/Third_Party/FreeRTOS/Source/portable/GCC/ARM_CM3/port.o
 .debug_aranges
                0x0000000000001570       0x50 Middlewares/Third_Party/FreeRTOS/Source/portable/MemMang/heap_4.o

.debug_ranges   0x0000000000000000     0x1450
 .debug_ranges  0x0000000000000000       0x10 Core/Src/freertos.o
 .debug_ranges  0x0000000000000010       0x18 Core/Src/kalman_filter.o
 .debug_ranges  0x0000000000000028       0xa0 Core/Src/main.o
 .debug_ranges  0x00000000000000c8       0x50 Core/Src/stm32f1xx_hal_msp.o
 .debug_ranges  0x0000000000000118       0x60 Core/Src/stm32f1xx_it.o
 .debug_ranges  0x0000000000000178       0x10 Core/Src/sysmem.o
 .debug_ranges  0x0000000000000188       0x18 Core/Src/system_stm32f1xx.o
 .debug_ranges  0x00000000000001a0       0x20 Core/Startup/startup_stm32f103c8tx.o
 .debug_ranges  0x00000000000001c0       0xd0 Drivers/STM32F1xx_HAL_Driver/Src/stm32f1xx_hal.o
 .debug_ranges  0x0000000000000290       0xe0 Drivers/STM32F1xx_HAL_Driver/Src/stm32f1xx_hal_adc.o
 .debug_ranges  0x0000000000000370       0x70 Drivers/STM32F1xx_HAL_Driver/Src/stm32f1xx_hal_adc_ex.o
 .debug_ranges  0x00000000000003e0      0x128 Drivers/STM32F1xx_HAL_Driver/Src/stm32f1xx_hal_can.o
 .debug_ranges  0x0000000000000508       0xf0 Drivers/STM32F1xx_HAL_Driver/Src/stm32f1xx_hal_cortex.o
 .debug_ranges  0x00000000000005f8       0x70 Drivers/STM32F1xx_HAL_Driver/Src/stm32f1xx_hal_dma.o
 .debug_ranges  0x0000000000000668       0x48 Drivers/STM32F1xx_HAL_Driver/Src/stm32f1xx_hal_gpio.o
 .debug_ranges  0x00000000000006b0      0x2b8 Drivers/STM32F1xx_HAL_Driver/Src/stm32f1xx_hal_i2c.o
 .debug_ranges  0x0000000000000968       0x80 Drivers/STM32F1xx_HAL_Driver/Src/stm32f1xx_hal_rcc.o
 .debug_ranges  0x00000000000009e8       0x20 Drivers/STM32F1xx_HAL_Driver/Src/stm32f1xx_hal_rcc_ex.o
 .debug_ranges  0x0000000000000a08      0x3c0 Drivers/STM32F1xx_HAL_Driver/Src/stm32f1xx_hal_tim.o
 .debug_ranges  0x0000000000000dc8      0x158 Drivers/STM32F1xx_HAL_Driver/Src/stm32f1xx_hal_tim_ex.o
 .debug_ranges  0x0000000000000f20      0x1c8 Middlewares/Third_Party/FreeRTOS/Source/CMSIS_RTOS/cmsis_os.o
 .debug_ranges  0x00000000000010e8       0x30 Middlewares/Third_Party/FreeRTOS/Source/list.o
 .debug_ranges  0x0000000000001118       0xf8 Middlewares/Third_Party/FreeRTOS/Source/queue.o
 .debug_ranges  0x0000000000001210      0x198 Middlewares/Third_Party/FreeRTOS/Source/tasks.o
 .debug_ranges  0x00000000000013a8       0x68 Middlewares/Third_Party/FreeRTOS/Source/portable/GCC/ARM_CM3/port.o
 .debug_ranges  0x0000000000001410       0x40 Middlewares/Third_Party/FreeRTOS/Source/portable/MemMang/heap_4.o

.debug_macro    0x0000000000000000    0x1a5ad
 .debug_macro   0x0000000000000000      0x233 Core/Src/freertos.o
 .debug_macro   0x0000000000000233      0xa5a Core/Src/freertos.o
 .debug_macro   0x0000000000000c8d      0x174 Core/Src/freertos.o
 .debug_macro   0x0000000000000e01       0x22 Core/Src/freertos.o
 .debug_macro   0x0000000000000e23       0x8e Core/Src/freertos.o
 .debug_macro   0x0000000000000eb1       0x51 Core/Src/freertos.o
 .debug_macro   0x0000000000000f02       0xef Core/Src/freertos.o
 .debug_macro   0x0000000000000ff1       0x6a Core/Src/freertos.o
 .debug_macro   0x000000000000105b      0x1df Core/Src/freertos.o
 .debug_macro   0x000000000000123a       0xd0 Core/Src/freertos.o
 .debug_macro   0x000000000000130a      0x15a Core/Src/freertos.o
 .debug_macro   0x0000000000001464       0xd7 Core/Src/freertos.o
 .debug_macro   0x000000000000153b       0x10 Core/Src/freertos.o
 .debug_macro   0x000000000000154b       0x1f Core/Src/freertos.o
 .debug_macro   0x000000000000156a      0x4b7 Core/Src/freertos.o
 .debug_macro   0x0000000000001a21       0xb5 Core/Src/freertos.o
 .debug_macro   0x0000000000001ad6       0x8c Core/Src/freertos.o
 .debug_macro   0x0000000000001b62      0x22d Core/Src/freertos.o
 .debug_macro   0x0000000000001d8f       0x2e Core/Src/freertos.o
 .debug_macro   0x0000000000001dbd       0x22 Core/Src/freertos.o
 .debug_macro   0x0000000000001ddf       0x1c Core/Src/freertos.o
 .debug_macro   0x0000000000001dfb       0x22 Core/Src/freertos.o
 .debug_macro   0x0000000000001e1d       0xc3 Core/Src/freertos.o
 .debug_macro   0x0000000000001ee0      0xd23 Core/Src/freertos.o
 .debug_macro   0x0000000000002c03     0xe09e Core/Src/freertos.o
 .debug_macro   0x0000000000010ca1       0x6d Core/Src/freertos.o
 .debug_macro   0x0000000000010d0e     0x3468 Core/Src/freertos.o
 .debug_macro   0x0000000000014176       0x5c Core/Src/freertos.o
 .debug_macro   0x00000000000141d2      0x5be Core/Src/freertos.o
 .debug_macro   0x0000000000014790      0x289 Core/Src/freertos.o
 .debug_macro   0x0000000000014a19      0x1cb Core/Src/freertos.o
 .debug_macro   0x0000000000014be4      0x114 Core/Src/freertos.o
 .debug_macro   0x0000000000014cf8      0x1b2 Core/Src/freertos.o
 .debug_macro   0x0000000000014eaa       0x27 Core/Src/freertos.o
 .debug_macro   0x0000000000014ed1      0x136 Core/Src/freertos.o
 .debug_macro   0x0000000000015007      0x1bc Core/Src/freertos.o
 .debug_macro   0x00000000000151c3       0x34 Core/Src/freertos.o
 .debug_macro   0x00000000000151f7       0x3c Core/Src/freertos.o
 .debug_macro   0x0000000000015233      0x408 Core/Src/freertos.o
 .debug_macro   0x000000000001563b       0x57 Core/Src/freertos.o
 .debug_macro   0x0000000000015692      0x46a Core/Src/freertos.o
 .debug_macro   0x0000000000015afc      0x1b5 Core/Src/freertos.o
 .debug_macro   0x0000000000015cb1       0x88 Core/Src/freertos.o
 .debug_macro   0x0000000000015d39      0x241 Core/Src/freertos.o
 .debug_macro   0x0000000000015f7a      0x287 Core/Src/freertos.o
 .debug_macro   0x0000000000016201      0x141 Core/Src/freertos.o
 .debug_macro   0x0000000000016342      0x8d1 Core/Src/freertos.o
 .debug_macro   0x0000000000016c13       0x83 Core/Src/freertos.o
 .debug_macro   0x0000000000016c96       0x1b Core/Src/kalman_filter.o
 .debug_macro   0x0000000000016cb1      0x377 Core/Src/main.o
 .debug_macro   0x0000000000017028       0xd0 Core/Src/main.o
 .debug_macro   0x00000000000170f8       0x91 Core/Src/main.o
 .debug_macro   0x0000000000017189       0x8d Core/Src/main.o
 .debug_macro   0x0000000000017216       0x7e Core/Src/main.o
 .debug_macro   0x0000000000017294       0x19 Core/Src/main.o
 .debug_macro   0x00000000000172ad       0xf2 Core/Src/main.o
 .debug_macro   0x000000000001739f       0x18 Core/Src/main.o
 .debug_macro   0x00000000000173b7       0x46 Core/Src/main.o
 .debug_macro   0x00000000000173fd       0x3c Core/Src/main.o
 .debug_macro   0x0000000000017439       0x34 Core/Src/main.o
 .debug_macro   0x000000000001746d       0x16 Core/Src/main.o
 .debug_macro   0x0000000000017483       0x35 Core/Src/main.o
 .debug_macro   0x00000000000174b8       0x52 Core/Src/main.o
 .debug_macro   0x000000000001750a       0x1f Core/Src/main.o
 .debug_macro   0x0000000000017529       0x43 Core/Src/main.o
 .debug_macro   0x000000000001756c       0x20 Core/Src/main.o
 .debug_macro   0x000000000001758c      0x1a3 Core/Src/main.o
 .debug_macro   0x000000000001772f      0x32a Core/Src/main.o
 .debug_macro   0x0000000000017a59       0x16 Core/Src/main.o
 .debug_macro   0x0000000000017a6f       0x29 Core/Src/main.o
 .debug_macro   0x0000000000017a98       0x16 Core/Src/main.o
 .debug_macro   0x0000000000017aae       0x20 Core/Src/main.o
 .debug_macro   0x0000000000017ace      0x1cb Core/Src/stm32f1xx_hal_msp.o
 .debug_macro   0x0000000000017c99      0x23d Core/Src/stm32f1xx_it.o
 .debug_macro   0x0000000000017ed6       0xee Core/Src/sysmem.o
 .debug_macro   0x0000000000017fc4      0x23b Core/Src/sysmem.o
 .debug_macro   0x00000000000181ff      0x1c1 Core/Src/system_stm32f1xx.o
 .debug_macro   0x00000000000183c0      0x1e5 Drivers/STM32F1xx_HAL_Driver/Src/stm32f1xx_hal.o
 .debug_macro   0x00000000000185a5      0x1de Drivers/STM32F1xx_HAL_Driver/Src/stm32f1xx_hal_adc.o
 .debug_macro   0x0000000000018783      0x1d3 Drivers/STM32F1xx_HAL_Driver/Src/stm32f1xx_hal_adc_ex.o
 .debug_macro   0x0000000000018956      0x1c9 Drivers/STM32F1xx_HAL_Driver/Src/stm32f1xx_hal_can.o
 .debug_macro   0x0000000000018b1f      0x1c1 Drivers/STM32F1xx_HAL_Driver/Src/stm32f1xx_hal_cortex.o
 .debug_macro   0x0000000000018ce0      0x1c1 Drivers/STM32F1xx_HAL_Driver/Src/stm32f1xx_hal_dma.o
 .debug_macro   0x0000000000018ea1      0x22c Drivers/STM32F1xx_HAL_Driver/Src/stm32f1xx_hal_gpio.o
 .debug_macro   0x00000000000190cd      0x208 Drivers/STM32F1xx_HAL_Driver/Src/stm32f1xx_hal_i2c.o
 .debug_macro   0x00000000000192d5      0x1d3 Drivers/STM32F1xx_HAL_Driver/Src/stm32f1xx_hal_rcc.o
 .debug_macro   0x00000000000194a8      0x1c1 Drivers/STM32F1xx_HAL_Driver/Src/stm32f1xx_hal_rcc_ex.o
 .debug_macro   0x0000000000019669      0x1c2 Drivers/STM32F1xx_HAL_Driver/Src/stm32f1xx_hal_tim.o
 .debug_macro   0x000000000001982b      0x1c1 Drivers/STM32F1xx_HAL_Driver/Src/stm32f1xx_hal_tim_ex.o
 .debug_macro   0x00000000000199ec      0x1f1 Middlewares/Third_Party/FreeRTOS/Source/CMSIS_RTOS/cmsis_os.o
 .debug_macro   0x0000000000019bdd       0x10 Middlewares/Third_Party/FreeRTOS/Source/CMSIS_RTOS/cmsis_os.o
 .debug_macro   0x0000000000019bed       0xab Middlewares/Third_Party/FreeRTOS/Source/CMSIS_RTOS/cmsis_os.o
 .debug_macro   0x0000000000019c98      0x17a Middlewares/Third_Party/FreeRTOS/Source/list.o
 .debug_macro   0x0000000000019e12      0x205 Middlewares/Third_Party/FreeRTOS/Source/queue.o
 .debug_macro   0x000000000001a017      0x273 Middlewares/Third_Party/FreeRTOS/Source/tasks.o
 .debug_macro   0x000000000001a28a       0x10 Middlewares/Third_Party/FreeRTOS/Source/tasks.o
 .debug_macro   0x000000000001a29a      0x172 Middlewares/Third_Party/FreeRTOS/Source/portable/GCC/ARM_CM3/port.o
 .debug_macro   0x000000000001a40c      0x1a1 Middlewares/Third_Party/FreeRTOS/Source/portable/MemMang/heap_4.o

.debug_line     0x0000000000000000    0x118b5
 .debug_line    0x0000000000000000      0x7b7 Core/Src/freertos.o
 .debug_line    0x00000000000007b7       0x9a Core/Src/kalman_filter.o
 .debug_line    0x0000000000000851      0xc43 Core/Src/main.o
 .debug_line    0x0000000000001494      0x786 Core/Src/stm32f1xx_hal_msp.o
 .debug_line    0x0000000000001c1a      0x890 Core/Src/stm32f1xx_it.o
 .debug_line    0x00000000000024aa      0x4c7 Core/Src/sysmem.o
 .debug_line    0x0000000000002971      0x6e6 Core/Src/system_stm32f1xx.o
 .debug_line    0x0000000000003057       0x87 Core/Startup/startup_stm32f103c8tx.o
 .debug_line    0x00000000000030de      0x899 Drivers/STM32F1xx_HAL_Driver/Src/stm32f1xx_hal.o
 .debug_line    0x0000000000003977      0xbee Drivers/STM32F1xx_HAL_Driver/Src/stm32f1xx_hal_adc.o
 .debug_line    0x0000000000004565      0xa35 Drivers/STM32F1xx_HAL_Driver/Src/stm32f1xx_hal_adc_ex.o
 .debug_line    0x0000000000004f9a      0xb67 Drivers/STM32F1xx_HAL_Driver/Src/stm32f1xx_hal_can.o
 .debug_line    0x0000000000005b01      0x970 Drivers/STM32F1xx_HAL_Driver/Src/stm32f1xx_hal_cortex.o
 .debug_line    0x0000000000006471      0xafe Drivers/STM32F1xx_HAL_Driver/Src/stm32f1xx_hal_dma.o
 .debug_line    0x0000000000006f6f      0x895 Drivers/STM32F1xx_HAL_Driver/Src/stm32f1xx_hal_gpio.o
 .debug_line    0x0000000000007804     0x1cab Drivers/STM32F1xx_HAL_Driver/Src/stm32f1xx_hal_i2c.o
 .debug_line    0x00000000000094af      0x959 Drivers/STM32F1xx_HAL_Driver/Src/stm32f1xx_hal_rcc.o
 .debug_line    0x0000000000009e08      0x777 Drivers/STM32F1xx_HAL_Driver/Src/stm32f1xx_hal_rcc_ex.o
 .debug_line    0x000000000000a57f     0x1ff2 Drivers/STM32F1xx_HAL_Driver/Src/stm32f1xx_hal_tim.o
 .debug_line    0x000000000000c571     0x118e Drivers/STM32F1xx_HAL_Driver/Src/stm32f1xx_hal_tim_ex.o
 .debug_line    0x000000000000d6ff      0xcbf Middlewares/Third_Party/FreeRTOS/Source/CMSIS_RTOS/cmsis_os.o
 .debug_line    0x000000000000e3be      0x66b Middlewares/Third_Party/FreeRTOS/Source/list.o
 .debug_line    0x000000000000ea29      0xf6c Middlewares/Third_Party/FreeRTOS/Source/queue.o
 .debug_line    0x000000000000f995     0x1172 Middlewares/Third_Party/FreeRTOS/Source/tasks.o
 .debug_line    0x0000000000010b07      0x65d Middlewares/Third_Party/FreeRTOS/Source/portable/GCC/ARM_CM3/port.o
 .debug_line    0x0000000000011164      0x751 Middlewares/Third_Party/FreeRTOS/Source/portable/MemMang/heap_4.o

.debug_str      0x0000000000000000    0x9a40b
 .debug_str     0x0000000000000000    0x8d37b Core/Src/freertos.o
                                      0x8d6ef (size before relaxing)
 .debug_str     0x000000000008d37b       0xc9 Core/Src/kalman_filter.o
                                       0x2d95 (size before relaxing)
 .debug_str     0x000000000008d444     0x67f0 Core/Src/main.o
                                      0x94168 (size before relaxing)
 .debug_str     0x0000000000093c34       0xf1 Core/Src/stm32f1xx_hal_msp.o
                                      0x8ab12 (size before relaxing)
 .debug_str     0x0000000000093d25       0xcb Core/Src/stm32f1xx_it.o
                                      0x8dedf (size before relaxing)
 .debug_str     0x0000000000093df0      0x369 Core/Src/sysmem.o
                                       0x5f34 (size before relaxing)
 .debug_str     0x0000000000094159       0x52 Core/Src/system_stm32f1xx.o
                                      0x89c3f (size before relaxing)
 .debug_str     0x00000000000941ab       0x36 Core/Startup/startup_stm32f103c8tx.o
                                         0x64 (size before relaxing)
 .debug_str     0x00000000000941e1      0x304 Drivers/STM32F1xx_HAL_Driver/Src/stm32f1xx_hal.o
                                      0x8a2d0 (size before relaxing)
 .debug_str     0x00000000000944e5      0x33e Drivers/STM32F1xx_HAL_Driver/Src/stm32f1xx_hal_adc.o
                                      0x8a2cf (size before relaxing)
 .debug_str     0x0000000000094823      0x2fb Drivers/STM32F1xx_HAL_Driver/Src/stm32f1xx_hal_adc_ex.o
                                      0x8a284 (size before relaxing)
 .debug_str     0x0000000000094b1e      0x516 Drivers/STM32F1xx_HAL_Driver/Src/stm32f1xx_hal_can.o
                                      0x8a45f (size before relaxing)
 .debug_str     0x0000000000095034      0x2cf Drivers/STM32F1xx_HAL_Driver/Src/stm32f1xx_hal_cortex.o
                                      0x8a2d8 (size before relaxing)
 .debug_str     0x0000000000095303      0x235 Drivers/STM32F1xx_HAL_Driver/Src/stm32f1xx_hal_dma.o
                                      0x8a01a (size before relaxing)
 .debug_str     0x0000000000095538      0x31f Drivers/STM32F1xx_HAL_Driver/Src/stm32f1xx_hal_gpio.o
                                      0x8a003 (size before relaxing)
 .debug_str     0x0000000000095857      0xb41 Drivers/STM32F1xx_HAL_Driver/Src/stm32f1xx_hal_i2c.o
                                      0x8ac7b (size before relaxing)
 .debug_str     0x0000000000096398      0x244 Drivers/STM32F1xx_HAL_Driver/Src/stm32f1xx_hal_rcc.o
                                      0x8a03c (size before relaxing)
 .debug_str     0x00000000000965dc       0xb9 Drivers/STM32F1xx_HAL_Driver/Src/stm32f1xx_hal_rcc_ex.o
                                      0x89dc9 (size before relaxing)
 .debug_str     0x0000000000096695      0xdd8 Drivers/STM32F1xx_HAL_Driver/Src/stm32f1xx_hal_tim.o
                                      0x8b00e (size before relaxing)
 .debug_str     0x000000000009746d      0x4ee Drivers/STM32F1xx_HAL_Driver/Src/stm32f1xx_hal_tim_ex.o
                                      0x8a7bf (size before relaxing)
 .debug_str     0x000000000009795b      0x67e Middlewares/Third_Party/FreeRTOS/Source/CMSIS_RTOS/cmsis_os.o
                                       0xdb4d (size before relaxing)
 .debug_str     0x0000000000097fd9      0x139 Middlewares/Third_Party/FreeRTOS/Source/list.o
                                       0xa492 (size before relaxing)
 .debug_str     0x0000000000098112      0x7d3 Middlewares/Third_Party/FreeRTOS/Source/queue.o
                                       0xbb46 (size before relaxing)