main.c:74:6:HAL_TIM_PeriodElapsedCallback	16	static
main.c:87:6:control_light_IT	8	static
main.c:120:6:light_mgs_parse	24	static
main.c:168:6:clear_buff	16	static
main.c:175:6:HAL_CAN_RxFifo0MsgPendingCallback	16	static
main.c:200:5:main	88	static
main.c:286:6:SystemClock_Config	88	static
main.c:332:13:MX_ADC1_Init	24	static
main.c:377:13:MX_CAN_Init	48	static
main.c:428:13:MX_TIM2_Init	32	static
main.c:473:13:MX_GPIO_Init	40	static
main.c:516:6:StartDefaultTask	16	static
main.c:535:6:StartTask02	32	static
main.c:560:6:Error_Handler	4	static,ignoring_inline_asm
