main.c:77:6:HAL_TIM_PeriodElapsedCallback	16	static
main.c:98:6:control_light_IT	8	static
main.c:131:6:light_mgs_parse	24	static
main.c:191:6:clear_buff	16	static
main.c:198:6:HAL_CAN_RxFifo0MsgPendingCallback	16	static
main.c:223:5:main	88	static
main.c:309:6:SystemClock_Config	88	static
main.c:355:13:MX_ADC1_Init	24	static
main.c:400:13:MX_CAN_Init	48	static
main.c:451:13:MX_TIM2_Init	32	static
main.c:496:13:MX_GPIO_Init	40	static
main.c:539:6:StartDefaultTask	16	static
main.c:558:6:StartTask02	32	static
main.c:583:6:Error_Handler	4	static,ignoring_inline_asm
