11:15:03 **** Incremental Build of configuration Debug for project CAN_node_1 ****
make -j8 all 
arm-none-eabi-gcc "../Core/Src/ssd1306_udf.c" -mcpu=cortex-m3 -std=gnu11 -g3 -DUSE_HAL_DRIVER -DSTM32F103xB -DDEBUG -c -I../Core/Inc -I../Drivers/STM32F1xx_HAL_Driver/Inc -I../Drivers/STM32F1xx_HAL_Driver/Inc/Legacy -I../Drivers/CMSIS/Device/ST/STM32F1xx/Include -I../Drivers/CMSIS/Include -I../Middlewares/Third_Party/FreeRTOS/Source/include -I../Middlewares/Third_Party/FreeRTOS/Source/CMSIS_RTOS -I../Middlewares/Third_Party/FreeRTOS/Source/portable/GCC/ARM_CM3 -O0 -ffunction-sections -fdata-sections -Wall -fstack-usage -MMD -MP -MF"Core/Src/ssd1306_udf.d" -MT"Core/Src/ssd1306_udf.o" --specs=nano.specs -mfloat-abi=soft -mthumb -o "Core/Src/ssd1306_udf.o"
In file included from ../Core/Src/ssd1306_udf.c:8:0:
../Core/Inc/main.h:62:65: warning: useless storage class specifier in empty declaration
 typedef enum light_mode_t {stop_light, light_left, light_right, light_hazard};
                                                                 ^~~~~~~~~~~~
../Core/Src/ssd1306_udf.c: In function 'disp_turn_signal_handle':
../Core/Src/ssd1306_udf.c:63:3: warning: implicit declaration of function 'disp_toggle_turn_signal' [-Wimplicit-function-declaration]
   disp_toggle_turn_signal(hazard_blinker);
   ^~~~~~~~~~~~~~~~~~~~~~~
../Core/Src/ssd1306_udf.c: At top level:
../Core/Src/ssd1306_udf.c:84:6: warning: conflicting types for 'disp_toggle_turn_signal'
 void disp_toggle_turn_signal (const unsigned char * bitmap)
      ^~~~~~~~~~~~~~~~~~~~~~~
../Core/Src/ssd1306_udf.c:63:3: note: previous implicit declaration of 'disp_toggle_turn_signal' was here
   disp_toggle_turn_signal(hazard_blinker);
   ^~~~~~~~~~~~~~~~~~~~~~~
../Core/Src/ssd1306_udf.c: In function 'disp_needle_speed':
../Core/Src/ssd1306_udf.c:101:6: warning: implicit declaration of function 'abs' [-Wimplicit-function-declaration]
  if (abs(speed - pre_speed) > 5)
      ^~~
In file included from ../Core/Src/ssd1306_udf.c:13:0:
../Core/Src/ssd1306_udf.c: At top level:
../Core/Inc/ssd1306_graphic.h:11:21: warning: array 'dashboard_128x64' assumed to have one element
 const unsigned char dashboard_128x64 [];
                     ^~~~~~~~~~~~~~~~
../Core/Inc/ssd1306_graphic.h:12:21: warning: array 'left_blinker' assumed to have one element
 const unsigned char left_blinker [];
                     ^~~~~~~~~~~~
../Core/Inc/ssd1306_graphic.h:13:21: warning: array 'right_blinker' assumed to have one element
 const unsigned char right_blinker [];
                     ^~~~~~~~~~~~~
../Core/Inc/ssd1306_graphic.h:14:21: warning: array 'hazard_blinker' assumed to have one element
 const unsigned char hazard_blinker [];
                     ^~~~~~~~~~~~~~
arm-none-eabi-gcc -o "CAN_node_1.elf" @"objects.list"   -mcpu=cortex-m3 -T"D:\STM32_PROJECT\CAN_AutoSim\CAN_node_1\STM32F103C8TX_FLASH.ld" --specs=nosys.specs -Wl,-Map="CAN_node_1.map" -Wl,--gc-sections -static --specs=nano.specs -mfloat-abi=soft -mthumb -Wl,--start-group -lc -lm -Wl,--end-group
c:\st\stm32cubeide_1.5.0\stm32cubeide\plugins\com.st.stm32cube.ide.mcu.externaltools.gnu-tools-for-stm32.7-2018-q2-update.win32_1.5.0.202011040924\tools\arm-none-eabi\bin\ld.exe: Warning: size of symbol `dashboard_128x64' changed from 1 in Core/Src/main.o to 1024 in Core/Src/ssd1306_graphic.o
c:\st\stm32cubeide_1.5.0\stm32cubeide\plugins\com.st.stm32cube.ide.mcu.externaltools.gnu-tools-for-stm32.7-2018-q2-update.win32_1.5.0.202011040924\tools\arm-none-eabi\bin\ld.exe: Warning: size of symbol `left_blinker' changed from 1 in Core/Src/main.o to 1024 in Core/Src/ssd1306_graphic.o
c:\st\stm32cubeide_1.5.0\stm32cubeide\plugins\com.st.stm32cube.ide.mcu.externaltools.gnu-tools-for-stm32.7-2018-q2-update.win32_1.5.0.202011040924\tools\arm-none-eabi\bin\ld.exe: Warning: size of symbol `right_blinker' changed from 1 in Core/Src/main.o to 1024 in Core/Src/ssd1306_graphic.o
c:\st\stm32cubeide_1.5.0\stm32cubeide\plugins\com.st.stm32cube.ide.mcu.externaltools.gnu-tools-for-stm32.7-2018-q2-update.win32_1.5.0.202011040924\tools\arm-none-eabi\bin\ld.exe: Warning: size of symbol `hazard_blinker' changed from 1 in Core/Src/main.o to 1024 in Core/Src/ssd1306_graphic.o
Finished building target: CAN_node_1.elf
 
arm-none-eabi-objdump -h -S  CAN_node_1.elf  > "CAN_node_1.list"
arm-none-eabi-objcopy  -O binary  CAN_node_1.elf  "CAN_node_1.bin"
arm-none-eabi-size   CAN_node_1.elf 
   text	   data	    bss	    dec	    hex	filename
  49508	    152	   7088	  56748	   ddac	CAN_node_1.elf
Finished building: default.size.stdout
 
Finished building: CAN_node_1.bin
 
Finished building: CAN_node_1.list
 
11:15:06 **** Incremental Build of configuration Debug for project CAN_node_1 ****
make -j8 all 
arm-none-eabi-size   CAN_node_1.elf 
   text	   data	    bss	    dec	    hex	filename
  49508	    152	   7088	  56748	   ddac	CAN_node_1.elf
Finished building: default.size.stdout
 
11:15:26 **** Incremental Build of configuration Debug for project CAN_node_1 ****
make -j8 all 
arm-none-eabi-size   CAN_node_1.elf 
   text	   data	    bss	    dec	    hex	filename
  49508	    152	   7088	  56748	   ddac	CAN_node_1.elf
Finished building: default.size.stdout
 
11:16:28 **** Incremental Build of configuration Debug for project CAN_node_1 ****
make -j8 all 
arm-none-eabi-gcc "../Core/Src/ssd1306_udf.c" -mcpu=cortex-m3 -std=gnu11 -g3 -DUSE_HAL_DRIVER -DSTM32F103xB -DDEBUG -c -I../Core/Inc -I../Drivers/STM32F1xx_HAL_Driver/Inc -I../Drivers/STM32F1xx_HAL_Driver/Inc/Legacy -I../Drivers/CMSIS/Device/ST/STM32F1xx/Include -I../Drivers/CMSIS/Include -I../Middlewares/Third_Party/FreeRTOS/Source/include -I../Middlewares/Third_Party/FreeRTOS/Source/CMSIS_RTOS -I../Middlewares/Third_Party/FreeRTOS/Source/portable/GCC/ARM_CM3 -O0 -ffunction-sections -fdata-sections -Wall -fstack-usage -MMD -MP -MF"Core/Src/ssd1306_udf.d" -MT"Core/Src/ssd1306_udf.o" --specs=nano.specs -mfloat-abi=soft -mthumb -o "Core/Src/ssd1306_udf.o"
In file included from ../Core/Src/ssd1306_udf.c:8:0:
../Core/Inc/main.h:62:65: warning: useless storage class specifier in empty declaration
 typedef enum light_mode_t {stop_light, light_left, light_right, light_hazard};
                                                                 ^~~~~~~~~~~~
../Core/Src/ssd1306_udf.c: In function 'disp_turn_signal_handle':
../Core/Src/ssd1306_udf.c:63:3: warning: implicit declaration of function 'disp_toggle_turn_signal' [-Wimplicit-function-declaration]
   disp_toggle_turn_signal(hazard_blinker);
   ^~~~~~~~~~~~~~~~~~~~~~~
../Core/Src/ssd1306_udf.c: At top level:
../Core/Src/ssd1306_udf.c:84:6: warning: conflicting types for 'disp_toggle_turn_signal'
 void disp_toggle_turn_signal (const unsigned char * bitmap)
      ^~~~~~~~~~~~~~~~~~~~~~~
../Core/Src/ssd1306_udf.c:63:3: note: previous implicit declaration of 'disp_toggle_turn_signal' was here
   disp_toggle_turn_signal(hazard_blinker);
   ^~~~~~~~~~~~~~~~~~~~~~~
../Core/Src/ssd1306_udf.c: In function 'disp_needle_speed':
../Core/Src/ssd1306_udf.c:101:6: warning: implicit declaration of function 'abs' [-Wimplicit-function-declaration]
  if (abs(speed - pre_speed) > 2)
      ^~~
In file included from ../Core/Src/ssd1306_udf.c:13:0:
../Core/Src/ssd1306_udf.c: At top level:
../Core/Inc/ssd1306_graphic.h:11:21: warning: array 'dashboard_128x64' assumed to have one element
 const unsigned char dashboard_128x64 [];
                     ^~~~~~~~~~~~~~~~
../Core/Inc/ssd1306_graphic.h:12:21: warning: array 'left_blinker' assumed to have one element
 const unsigned char left_blinker [];
                     ^~~~~~~~~~~~
../Core/Inc/ssd1306_graphic.h:13:21: warning: array 'right_blinker' assumed to have one element
 const unsigned char right_blinker [];
                     ^~~~~~~~~~~~~
../Core/Inc/ssd1306_graphic.h:14:21: warning: array 'hazard_blinker' assumed to have one element
 const unsigned char hazard_blinker [];
                     ^~~~~~~~~~~~~~
arm-none-eabi-gcc -o "CAN_node_1.elf" @"objects.list"   -mcpu=cortex-m3 -T"D:\STM32_PROJECT\CAN_AutoSim\CAN_node_1\STM32F103C8TX_FLASH.ld" --specs=nosys.specs -Wl,-Map="CAN_node_1.map" -Wl,--gc-sections -static --specs=nano.specs -mfloat-abi=soft -mthumb -Wl,--start-group -lc -lm -Wl,--end-group
c:\st\stm32cubeide_1.5.0\stm32cubeide\plugins\com.st.stm32cube.ide.mcu.externaltools.gnu-tools-for-stm32.7-2018-q2-update.win32_1.5.0.202011040924\tools\arm-none-eabi\bin\ld.exe: Warning: size of symbol `dashboard_128x64' changed from 1 in Core/Src/main.o to 1024 in Core/Src/ssd1306_graphic.o
c:\st\stm32cubeide_1.5.0\stm32cubeide\plugins\com.st.stm32cube.ide.mcu.externaltools.gnu-tools-for-stm32.7-2018-q2-update.win32_1.5.0.202011040924\tools\arm-none-eabi\bin\ld.exe: Warning: size of symbol `left_blinker' changed from 1 in Core/Src/main.o to 1024 in Core/Src/ssd1306_graphic.o
c:\st\stm32cubeide_1.5.0\stm32cubeide\plugins\com.st.stm32cube.ide.mcu.externaltools.gnu-tools-for-stm32.7-2018-q2-update.win32_1.5.0.202011040924\tools\arm-none-eabi\bin\ld.exe: Warning: size of symbol `right_blinker' changed from 1 in Core/Src/main.o to 1024 in Core/Src/ssd1306_graphic.o
c:\st\stm32cubeide_1.5.0\stm32cubeide\plugins\com.st.stm32cube.ide.mcu.externaltools.gnu-tools-for-stm32.7-2018-q2-update.win32_1.5.0.202011040924\tools\arm-none-eabi\bin\ld.exe: Warning: size of symbol `hazard_blinker' changed from 1 in Core/Src/main.o to 1024 in Core/Src/ssd1306_graphic.o
Finished building target: CAN_node_1.elf
 
arm-none-eabi-objdump -h -S  CAN_node_1.elf  > "CAN_node_1.list"
arm-none-eabi-objcopy  -O binary  CAN_node_1.elf  "CAN_node_1.bin"
arm-none-eabi-size   CAN_node_1.elf 
   text	   data	    bss	    dec	    hex	filename
  49508	    152	   7088	  56748	   ddac	CAN_node_1.elf
Finished building: default.size.stdout
 
Finished building: CAN_node_1.bin
 
Finished building: CAN_node_1.list
 
11:17:00 **** Incremental Build of configuration Debug for project CAN_node_1 ****
make -j8 all 
arm-none-eabi-gcc "../Core/Src/ssd1306_udf.c" -mcpu=cortex-m3 -std=gnu11 -g3 -DUSE_HAL_DRIVER -DSTM32F103xB -DDEBUG -c -I../Core/Inc -I../Drivers/STM32F1xx_HAL_Driver/Inc -I../Drivers/STM32F1xx_HAL_Driver/Inc/Legacy -I../Drivers/CMSIS/Device/ST/STM32F1xx/Include -I../Drivers/CMSIS/Include -I../Middlewares/Third_Party/FreeRTOS/Source/include -I../Middlewares/Third_Party/FreeRTOS/Source/CMSIS_RTOS -I../Middlewares/Third_Party/FreeRTOS/Source/portable/GCC/ARM_CM3 -O0 -ffunction-sections -fdata-sections -Wall -fstack-usage -MMD -MP -MF"Core/Src/ssd1306_udf.d" -MT"Core/Src/ssd1306_udf.o" --specs=nano.specs -mfloat-abi=soft -mthumb -o "Core/Src/ssd1306_udf.o"
In file included from ../Core/Src/ssd1306_udf.c:8:0:
../Core/Inc/main.h:62:65: warning: useless storage class specifier in empty declaration
 typedef enum light_mode_t {stop_light, light_left, light_right, light_hazard};
                                                                 ^~~~~~~~~~~~
../Core/Src/ssd1306_udf.c: In function 'disp_turn_signal_handle':
../Core/Src/ssd1306_udf.c:63:3: warning: implicit declaration of function 'disp_toggle_turn_signal' [-Wimplicit-function-declaration]
   disp_toggle_turn_signal(hazard_blinker);
   ^~~~~~~~~~~~~~~~~~~~~~~
../Core/Src/ssd1306_udf.c: At top level:
../Core/Src/ssd1306_udf.c:84:6: warning: conflicting types for 'disp_toggle_turn_signal'
 void disp_toggle_turn_signal (const unsigned char * bitmap)
      ^~~~~~~~~~~~~~~~~~~~~~~
../Core/Src/ssd1306_udf.c:63:3: note: previous implicit declaration of 'disp_toggle_turn_signal' was here
   disp_toggle_turn_signal(hazard_blinker);
   ^~~~~~~~~~~~~~~~~~~~~~~
../Core/Src/ssd1306_udf.c: In function 'disp_needle_speed':
../Core/Src/ssd1306_udf.c:101:6: warning: implicit declaration of function 'abs' [-Wimplicit-function-declaration]
  if (abs(speed - pre_speed) > 2)
      ^~~
In file included from ../Core/Src/ssd1306_udf.c:13:0:
../Core/Src/ssd1306_udf.c: At top level:
../Core/Inc/ssd1306_graphic.h:11:21: warning: array 'dashboard_128x64' assumed to have one element
 const unsigned char dashboard_128x64 [];
                     ^~~~~~~~~~~~~~~~
../Core/Inc/ssd1306_graphic.h:12:21: warning: array 'left_blinker' assumed to have one element
 const unsigned char left_blinker [];
                     ^~~~~~~~~~~~
../Core/Inc/ssd1306_graphic.h:13:21: warning: array 'right_blinker' assumed to have one element
 const unsigned char right_blinker [];
                     ^~~~~~~~~~~~~
../Core/Inc/ssd1306_graphic.h:14:21: warning: array 'hazard_blinker' assumed to have one element
 const unsigned char hazard_blinker [];
                     ^~~~~~~~~~~~~~
arm-none-eabi-gcc -o "CAN_node_1.elf" @"objects.list"   -mcpu=cortex-m3 -T"D:\STM32_PROJECT\CAN_AutoSim\CAN_node_1\STM32F103C8TX_FLASH.ld" --specs=nosys.specs -Wl,-Map="CAN_node_1.map" -Wl,--gc-sections -static --specs=nano.specs -mfloat-abi=soft -mthumb -Wl,--start-group -lc -lm -Wl,--end-group
c:\st\stm32cubeide_1.5.0\stm32cubeide\plugins\com.st.stm32cube.ide.mcu.externaltools.gnu-tools-for-stm32.7-2018-q2-update.win32_1.5.0.202011040924\tools\arm-none-eabi\bin\ld.exe: Warning: size of symbol `dashboard_128x64' changed from 1 in Core/Src/main.o to 1024 in Core/Src/ssd1306_graphic.o
c:\st\stm32cubeide_1.5.0\stm32cubeide\plugins\com.st.stm32cube.ide.mcu.externaltools.gnu-tools-for-stm32.7-2018-q2-update.win32_1.5.0.202011040924\tools\arm-none-eabi\bin\ld.exe: Warning: size of symbol `left_blinker' changed from 1 in Core/Src/main.o to 1024 in Core/Src/ssd1306_graphic.o
c:\st\stm32cubeide_1.5.0\stm32cubeide\plugins\com.st.stm32cube.ide.mcu.externaltools.gnu-tools-for-stm32.7-2018-q2-update.win32_1.5.0.202011040924\tools\arm-none-eabi\bin\ld.exe: Warning: size of symbol `right_blinker' changed from 1 in Core/Src/main.o to 1024 in Core/Src/ssd1306_graphic.o
c:\st\stm32cubeide_1.5.0\stm32cubeide\plugins\com.st.stm32cube.ide.mcu.externaltools.gnu-tools-for-stm32.7-2018-q2-update.win32_1.5.0.202011040924\tools\arm-none-eabi\bin\ld.exe: Warning: size of symbol `hazard_blinker' changed from 1 in Core/Src/main.o to 1024 in Core/Src/ssd1306_graphic.o
Finished building target: CAN_node_1.elf
 
arm-none-eabi-objdump -h -S  CAN_node_1.elf  > "CAN_node_1.list"
arm-none-eabi-objcopy  -O binary  CAN_node_1.elf  "CAN_node_1.bin"
arm-none-eabi-size   CAN_node_1.elf 
   text	   data	    bss	    dec	    hex	filename
  49476	    152	   7088	  56716	   dd8c	CAN_node_1.elf
Finished building: default.size.stdout
 
Finished building: CAN_node_1.bin
 
Finished building: CAN_node_1.list
 
11:17:31 **** Incremental Build of configuration Debug for project CAN_node_1 ****
make -j8 all 
arm-none-eabi-gcc "../Core/Src/ssd1306_udf.c" -mcpu=cortex-m3 -std=gnu11 -g3 -DUSE_HAL_DRIVER -DSTM32F103xB -DDEBUG -c -I../Core/Inc -I../Drivers/STM32F1xx_HAL_Driver/Inc -I../Drivers/STM32F1xx_HAL_Driver/Inc/Legacy -I../Drivers/CMSIS/Device/ST/STM32F1xx/Include -I../Drivers/CMSIS/Include -I../Middlewares/Third_Party/FreeRTOS/Source/include -I../Middlewares/Third_Party/FreeRTOS/Source/CMSIS_RTOS -I../Middlewares/Third_Party/FreeRTOS/Source/portable/GCC/ARM_CM3 -O0 -ffunction-sections -fdata-sections -Wall -fstack-usage -MMD -MP -MF"Core/Src/ssd1306_udf.d" -MT"Core/Src/ssd1306_udf.o" --specs=nano.specs -mfloat-abi=soft -mthumb -o "Core/Src/ssd1306_udf.o"
In file included from ../Core/Src/ssd1306_udf.c:8:0:
../Core/Inc/main.h:62:65: warning: useless storage class specifier in empty declaration
 typedef enum light_mode_t {stop_light, light_left, light_right, light_hazard};
                                                                 ^~~~~~~~~~~~
../Core/Src/ssd1306_udf.c: In function 'disp_turn_signal_handle':
../Core/Src/ssd1306_udf.c:63:3: warning: implicit declaration of function 'disp_toggle_turn_signal' [-Wimplicit-function-declaration]
   disp_toggle_turn_signal(hazard_blinker);
   ^~~~~~~~~~~~~~~~~~~~~~~
../Core/Src/ssd1306_udf.c: At top level:
../Core/Src/ssd1306_udf.c:84:6: warning: conflicting types for 'disp_toggle_turn_signal'
 void disp_toggle_turn_signal (const unsigned char * bitmap)
      ^~~~~~~~~~~~~~~~~~~~~~~
../Core/Src/ssd1306_udf.c:63:3: note: previous implicit declaration of 'disp_toggle_turn_signal' was here
   disp_toggle_turn_signal(hazard_blinker);
   ^~~~~~~~~~~~~~~~~~~~~~~
../Core/Src/ssd1306_udf.c: In function 'disp_needle_speed':
../Core/Src/ssd1306_udf.c:101:6: warning: implicit declaration of function 'abs' [-Wimplicit-function-declaration]
  if (abs(speed - pre_speed) > 2)
      ^~~
In file included from ../Core/Src/ssd1306_udf.c:13:0:
../Core/Src/ssd1306_udf.c: At top level:
../Core/Inc/ssd1306_graphic.h:11:21: warning: array 'dashboard_128x64' assumed to have one element
 const unsigned char dashboard_128x64 [];
                     ^~~~~~~~~~~~~~~~
../Core/Inc/ssd1306_graphic.h:12:21: warning: array 'left_blinker' assumed to have one element
 const unsigned char left_blinker [];
                     ^~~~~~~~~~~~
../Core/Inc/ssd1306_graphic.h:13:21: warning: array 'right_blinker' assumed to have one element
 const unsigned char right_blinker [];
                     ^~~~~~~~~~~~~
../Core/Inc/ssd1306_graphic.h:14:21: warning: array 'hazard_blinker' assumed to have one element
 const unsigned char hazard_blinker [];
                     ^~~~~~~~~~~~~~
arm-none-eabi-gcc -o "CAN_node_1.elf" @"objects.list"   -mcpu=cortex-m3 -T"D:\STM32_PROJECT\CAN_AutoSim\CAN_node_1\STM32F103C8TX_FLASH.ld" --specs=nosys.specs -Wl,-Map="CAN_node_1.map" -Wl,--gc-sections -static --specs=nano.specs -mfloat-abi=soft -mthumb -Wl,--start-group -lc -lm -Wl,--end-group
c:\st\stm32cubeide_1.5.0\stm32cubeide\plugins\com.st.stm32cube.ide.mcu.externaltools.gnu-tools-for-stm32.7-2018-q2-update.win32_1.5.0.202011040924\tools\arm-none-eabi\bin\ld.exe: Warning: size of symbol `dashboard_128x64' changed from 1 in Core/Src/main.o to 1024 in Core/Src/ssd1306_graphic.o
c:\st\stm32cubeide_1.5.0\stm32cubeide\plugins\com.st.stm32cube.ide.mcu.externaltools.gnu-tools-for-stm32.7-2018-q2-update.win32_1.5.0.202011040924\tools\arm-none-eabi\bin\ld.exe: Warning: size of symbol `left_blinker' changed from 1 in Core/Src/main.o to 1024 in Core/Src/ssd1306_graphic.o
c:\st\stm32cubeide_1.5.0\stm32cubeide\plugins\com.st.stm32cube.ide.mcu.externaltools.gnu-tools-for-stm32.7-2018-q2-update.win32_1.5.0.202011040924\tools\arm-none-eabi\bin\ld.exe: Warning: size of symbol `right_blinker' changed from 1 in Core/Src/main.o to 1024 in Core/Src/ssd1306_graphic.o
c:\st\stm32cubeide_1.5.0\stm32cubeide\plugins\com.st.stm32cube.ide.mcu.externaltools.gnu-tools-for-stm32.7-2018-q2-update.win32_1.5.0.202011040924\tools\arm-none-eabi\bin\ld.exe: Warning: size of symbol `hazard_blinker' changed from 1 in Core/Src/main.o to 1024 in Core/Src/ssd1306_graphic.o
Finished building target: CAN_node_1.elf
 
arm-none-eabi-objdump -h -S  CAN_node_1.elf  > "CAN_node_1.list"
arm-none-eabi-objcopy  -O binary  CAN_node_1.elf  "CAN_node_1.bin"
arm-none-eabi-size   CAN_node_1.elf 
   text	   data	    bss	    dec	    hex	filename
  49236	    152	   7088	  56476	   dc9c	CAN_node_1.elf
Finished building: default.size.stdout
 
Finished building: CAN_node_1.bin
 
Finished building: CAN_node_1.list
 
11:20:06 **** Incremental Build of configuration Debug for project CAN_node_1 ****
make -j8 all 
arm-none-eabi-gcc "../Core/Src/ssd1306_udf.c" -mcpu=cortex-m3 -std=gnu11 -g3 -DUSE_HAL_DRIVER -DSTM32F103xB -DDEBUG -c -I../Core/Inc -I../Drivers/STM32F1xx_HAL_Driver/Inc -I../Drivers/STM32F1xx_HAL_Driver/Inc/Legacy -I../Drivers/CMSIS/Device/ST/STM32F1xx/Include -I../Drivers/CMSIS/Include -I../Middlewares/Third_Party/FreeRTOS/Source/include -I../Middlewares/Third_Party/FreeRTOS/Source/CMSIS_RTOS -I../Middlewares/Third_Party/FreeRTOS/Source/portable/GCC/ARM_CM3 -O0 -ffunction-sections -fdata-sections -Wall -fstack-usage -MMD -MP -MF"Core/Src/ssd1306_udf.d" -MT"Core/Src/ssd1306_udf.o" --specs=nano.specs -mfloat-abi=soft -mthumb -o "Core/Src/ssd1306_udf.o"
In file included from ../Core/Src/ssd1306_udf.c:8:0:
../Core/Inc/main.h:62:65: warning: useless storage class specifier in empty declaration
 typedef enum light_mode_t {stop_light, light_left, light_right, light_hazard};
                                                                 ^~~~~~~~~~~~
../Core/Src/ssd1306_udf.c: In function 'disp_turn_signal_handle':
../Core/Src/ssd1306_udf.c:64:3: warning: implicit declaration of function 'disp_toggle_turn_signal' [-Wimplicit-function-declaration]
   disp_toggle_turn_signal(hazard_blinker);
   ^~~~~~~~~~~~~~~~~~~~~~~
../Core/Src/ssd1306_udf.c: At top level:
../Core/Src/ssd1306_udf.c:85:6: warning: conflicting types for 'disp_toggle_turn_signal'
 void disp_toggle_turn_signal (const unsigned char * bitmap)
      ^~~~~~~~~~~~~~~~~~~~~~~
../Core/Src/ssd1306_udf.c:64:3: note: previous implicit declaration of 'disp_toggle_turn_signal' was here
   disp_toggle_turn_signal(hazard_blinker);
   ^~~~~~~~~~~~~~~~~~~~~~~
../Core/Src/ssd1306_udf.c: In function 'disp_needle_speed':
../Core/Src/ssd1306_udf.c:102:6: warning: implicit declaration of function 'abs' [-Wimplicit-function-declaration]
  if (abs(speed - pre_speed) > 2)
      ^~~
In file included from ../Core/Src/ssd1306_udf.c:13:0:
../Core/Src/ssd1306_udf.c: At top level:
../Core/Inc/ssd1306_graphic.h:11:21: warning: array 'dashboard_128x64' assumed to have one element
 const unsigned char dashboard_128x64 [];
                     ^~~~~~~~~~~~~~~~
../Core/Inc/ssd1306_graphic.h:12:21: warning: array 'left_blinker' assumed to have one element
 const unsigned char left_blinker [];
                     ^~~~~~~~~~~~
../Core/Inc/ssd1306_graphic.h:13:21: warning: array 'right_blinker' assumed to have one element
 const unsigned char right_blinker [];
                     ^~~~~~~~~~~~~
../Core/Inc/ssd1306_graphic.h:14:21: warning: array 'hazard_blinker' assumed to have one element
 const unsigned char hazard_blinker [];
                     ^~~~~~~~~~~~~~
arm-none-eabi-gcc -o "CAN_node_1.elf" @"objects.list"   -mcpu=cortex-m3 -T"D:\STM32_PROJECT\CAN_AutoSim\CAN_node_1\STM32F103C8TX_FLASH.ld" --specs=nosys.specs -Wl,-Map="CAN_node_1.map" -Wl,--gc-sections -static --specs=nano.specs -mfloat-abi=soft -mthumb -Wl,--start-group -lc -lm -Wl,--end-group
c:\st\stm32cubeide_1.5.0\stm32cubeide\plugins\com.st.stm32cube.ide.mcu.externaltools.gnu-tools-for-stm32.7-2018-q2-update.win32_1.5.0.202011040924\tools\arm-none-eabi\bin\ld.exe: Warning: size of symbol `dashboard_128x64' changed from 1 in Core/Src/main.o to 1024 in Core/Src/ssd1306_graphic.o
c:\st\stm32cubeide_1.5.0\stm32cubeide\plugins\com.st.stm32cube.ide.mcu.externaltools.gnu-tools-for-stm32.7-2018-q2-update.win32_1.5.0.202011040924\tools\arm-none-eabi\bin\ld.exe: Warning: size of symbol `left_blinker' changed from 1 in Core/Src/main.o to 1024 in Core/Src/ssd1306_graphic.o
c:\st\stm32cubeide_1.5.0\stm32cubeide\plugins\com.st.stm32cube.ide.mcu.externaltools.gnu-tools-for-stm32.7-2018-q2-update.win32_1.5.0.202011040924\tools\arm-none-eabi\bin\ld.exe: Warning: size of symbol `right_blinker' changed from 1 in Core/Src/main.o to 1024 in Core/Src/ssd1306_graphic.o
c:\st\stm32cubeide_1.5.0\stm32cubeide\plugins\com.st.stm32cube.ide.mcu.externaltools.gnu-tools-for-stm32.7-2018-q2-update.win32_1.5.0.202011040924\tools\arm-none-eabi\bin\ld.exe: Warning: size of symbol `hazard_blinker' changed from 1 in Core/Src/main.o to 1024 in Core/Src/ssd1306_graphic.o
Finished building target: CAN_node_1.elf
 
arm-none-eabi-objdump -h -S  CAN_node_1.elf  > "CAN_node_1.list"
arm-none-eabi-objcopy  -O binary  CAN_node_1.elf  "CAN_node_1.bin"
arm-none-eabi-size   CAN_node_1.elf 
   text	   data	    bss	    dec	    hex	filename
  49556	    152	   7088	  56796	   dddc	CAN_node_1.elf
Finished building: default.size.stdout
 
Finished building: CAN_node_1.bin
 
Finished building: CAN_node_1.list
 
11:20:40 **** Incremental Build of configuration Debug for project CAN_node_1 ****
make -j8 all 
arm-none-eabi-gcc "../Core/Src/ssd1306_udf.c" -mcpu=cortex-m3 -std=gnu11 -g3 -DUSE_HAL_DRIVER -DSTM32F103xB -DDEBUG -c -I../Core/Inc -I../Drivers/STM32F1xx_HAL_Driver/Inc -I../Drivers/STM32F1xx_HAL_Driver/Inc/Legacy -I../Drivers/CMSIS/Device/ST/STM32F1xx/Include -I../Drivers/CMSIS/Include -I../Middlewares/Third_Party/FreeRTOS/Source/include -I../Middlewares/Third_Party/FreeRTOS/Source/CMSIS_RTOS -I../Middlewares/Third_Party/FreeRTOS/Source/portable/GCC/ARM_CM3 -O0 -ffunction-sections -fdata-sections -Wall -fstack-usage -MMD -MP -MF"Core/Src/ssd1306_udf.d" -MT"Core/Src/ssd1306_udf.o" --specs=nano.specs -mfloat-abi=soft -mthumb -o "Core/Src/ssd1306_udf.o"
In file included from ../Core/Src/ssd1306_udf.c:8:0:
../Core/Inc/main.h:62:65: warning: useless storage class specifier in empty declaration
 typedef enum light_mode_t {stop_light, light_left, light_right, light_hazard};
                                                                 ^~~~~~~~~~~~
../Core/Src/ssd1306_udf.c: In function 'disp_turn_signal_handle':
../Core/Src/ssd1306_udf.c:68:3: warning: implicit declaration of function 'disp_toggle_turn_signal' [-Wimplicit-function-declaration]
   disp_toggle_turn_signal(hazard_blinker);
   ^~~~~~~~~~~~~~~~~~~~~~~
../Core/Src/ssd1306_udf.c: At top level:
../Core/Src/ssd1306_udf.c:89:6: warning: conflicting types for 'disp_toggle_turn_signal'
 void disp_toggle_turn_signal (const unsigned char * bitmap)
      ^~~~~~~~~~~~~~~~~~~~~~~
../Core/Src/ssd1306_udf.c:68:3: note: previous implicit declaration of 'disp_toggle_turn_signal' was here
   disp_toggle_turn_signal(hazard_blinker);
   ^~~~~~~~~~~~~~~~~~~~~~~
../Core/Src/ssd1306_udf.c: In function 'disp_needle_speed':
../Core/Src/ssd1306_udf.c:106:6: warning: implicit declaration of function 'abs' [-Wimplicit-function-declaration]
  if (abs(speed - pre_speed) > 2)
      ^~~
In file included from ../Core/Src/ssd1306_udf.c:13:0:
../Core/Src/ssd1306_udf.c: At top level:
../Core/Inc/ssd1306_graphic.h:11:21: warning: array 'dashboard_128x64' assumed to have one element
 const unsigned char dashboard_128x64 [];
                     ^~~~~~~~~~~~~~~~
../Core/Inc/ssd1306_graphic.h:12:21: warning: array 'left_blinker' assumed to have one element
 const unsigned char left_blinker [];
                     ^~~~~~~~~~~~
../Core/Inc/ssd1306_graphic.h:13:21: warning: array 'right_blinker' assumed to have one element
 const unsigned char right_blinker [];
                     ^~~~~~~~~~~~~
../Core/Inc/ssd1306_graphic.h:14:21: warning: array 'hazard_blinker' assumed to have one element
 const unsigned char hazard_blinker [];
                     ^~~~~~~~~~~~~~
arm-none-eabi-gcc -o "CAN_node_1.elf" @"objects.list"   -mcpu=cortex-m3 -T"D:\STM32_PROJECT\CAN_AutoSim\CAN_node_1\STM32F103C8TX_FLASH.ld" --specs=nosys.specs -Wl,-Map="CAN_node_1.map" -Wl,--gc-sections -static --specs=nano.specs -mfloat-abi=soft -mthumb -Wl,--start-group -lc -lm -Wl,--end-group
c:\st\stm32cubeide_1.5.0\stm32cubeide\plugins\com.st.stm32cube.ide.mcu.externaltools.gnu-tools-for-stm32.7-2018-q2-update.win32_1.5.0.202011040924\tools\arm-none-eabi\bin\ld.exe: Warning: size of symbol `dashboard_128x64' changed from 1 in Core/Src/main.o to 1024 in Core/Src/ssd1306_graphic.o
c:\st\stm32cubeide_1.5.0\stm32cubeide\plugins\com.st.stm32cube.ide.mcu.externaltools.gnu-tools-for-stm32.7-2018-q2-update.win32_1.5.0.202011040924\tools\arm-none-eabi\bin\ld.exe: Warning: size of symbol `left_blinker' changed from 1 in Core/Src/main.o to 1024 in Core/Src/ssd1306_graphic.o
c:\st\stm32cubeide_1.5.0\stm32cubeide\plugins\com.st.stm32cube.ide.mcu.externaltools.gnu-tools-for-stm32.7-2018-q2-update.win32_1.5.0.202011040924\tools\arm-none-eabi\bin\ld.exe: Warning: size of symbol `right_blinker' changed from 1 in Core/Src/main.o to 1024 in Core/Src/ssd1306_graphic.o
c:\st\stm32cubeide_1.5.0\stm32cubeide\plugins\com.st.stm32cube.ide.mcu.externaltools.gnu-tools-for-stm32.7-2018-q2-update.win32_1.5.0.202011040924\tools\arm-none-eabi\bin\ld.exe: Warning: size of symbol `hazard_blinker' changed from 1 in Core/Src/main.o to 1024 in Core/Src/ssd1306_graphic.o
Finished building target: CAN_node_1.elf
 
arm-none-eabi-objdump -h -S  CAN_node_1.elf  > "CAN_node_1.list"
arm-none-eabi-objcopy  -O binary  CAN_node_1.elf  "CAN_node_1.bin"
arm-none-eabi-size   CAN_node_1.elf 
   text	   data	    bss	    dec	    hex	filename
  49828	    152	   7088	  57068	   deec	CAN_node_1.elf
Finished building: default.size.stdout
 
Finished building: CAN_node_1.bin
 
Finished building: CAN_node_1.list
 
11:28:32 **** Incremental Build of configuration Debug for project CAN_node_1 ****
make -j8 all 
arm-none-eabi-gcc "../Core/Src/ssd1306_udf.c" -mcpu=cortex-m3 -std=gnu11 -g3 -DUSE_HAL_DRIVER -DSTM32F103xB -DDEBUG -c -I../Core/Inc -I../Drivers/STM32F1xx_HAL_Driver/Inc -I../Drivers/STM32F1xx_HAL_Driver/Inc/Legacy -I../Drivers/CMSIS/Device/ST/STM32F1xx/Include -I../Drivers/CMSIS/Include -I../Middlewares/Third_Party/FreeRTOS/Source/include -I../Middlewares/Third_Party/FreeRTOS/Source/CMSIS_RTOS -I../Middlewares/Third_Party/FreeRTOS/Source/portable/GCC/ARM_CM3 -O0 -ffunction-sections -fdata-sections -Wall -fstack-usage -MMD -MP -MF"Core/Src/ssd1306_udf.d" -MT"Core/Src/ssd1306_udf.o" --specs=nano.specs -mfloat-abi=soft -mthumb -o "Core/Src/ssd1306_udf.o"
In file included from ../Core/Src/ssd1306_udf.c:8:0:
../Core/Inc/main.h:62:65: warning: useless storage class specifier in empty declaration
 typedef enum light_mode_t {stop_light, light_left, light_right, light_hazard};
                                                                 ^~~~~~~~~~~~
../Core/Src/ssd1306_udf.c: In function 'disp_turn_signal_handle':
../Core/Src/ssd1306_udf.c:68:3: warning: implicit declaration of function 'disp_toggle_turn_signal' [-Wimplicit-function-declaration]
   disp_toggle_turn_signal(hazard_blinker);
   ^~~~~~~~~~~~~~~~~~~~~~~
../Core/Src/ssd1306_udf.c: At top level:
../Core/Src/ssd1306_udf.c:89:6: warning: conflicting types for 'disp_toggle_turn_signal'
 void disp_toggle_turn_signal (const unsigned char * bitmap)
      ^~~~~~~~~~~~~~~~~~~~~~~
../Core/Src/ssd1306_udf.c:68:3: note: previous implicit declaration of 'disp_toggle_turn_signal' was here
   disp_toggle_turn_signal(hazard_blinker);
   ^~~~~~~~~~~~~~~~~~~~~~~
../Core/Src/ssd1306_udf.c: In function 'disp_needle_speed':
../Core/Src/ssd1306_udf.c:106:6: warning: implicit declaration of function 'abs' [-Wimplicit-function-declaration]
  if (abs(speed - pre_speed) > 2)
      ^~~
In file included from ../Core/Src/ssd1306_udf.c:13:0:
../Core/Src/ssd1306_udf.c: At top level:
../Core/Inc/ssd1306_graphic.h:11:21: warning: array 'dashboard_128x64' assumed to have one element
 const unsigned char dashboard_128x64 [];
                     ^~~~~~~~~~~~~~~~
../Core/Inc/ssd1306_graphic.h:12:21: warning: array 'left_blinker' assumed to have one element
 const unsigned char left_blinker [];
                     ^~~~~~~~~~~~
../Core/Inc/ssd1306_graphic.h:13:21: warning: array 'right_blinker' assumed to have one element
 const unsigned char right_blinker [];
                     ^~~~~~~~~~~~~
../Core/Inc/ssd1306_graphic.h:14:21: warning: array 'hazard_blinker' assumed to have one element
 const unsigned char hazard_blinker [];
                     ^~~~~~~~~~~~~~
arm-none-eabi-gcc -o "CAN_node_1.elf" @"objects.list"   -mcpu=cortex-m3 -T"D:\STM32_PROJECT\CAN_AutoSim\CAN_node_1\STM32F103C8TX_FLASH.ld" --specs=nosys.specs -Wl,-Map="CAN_node_1.map" -Wl,--gc-sections -static --specs=nano.specs -mfloat-abi=soft -mthumb -Wl,--start-group -lc -lm -Wl,--end-group
c:\st\stm32cubeide_1.5.0\stm32cubeide\plugins\com.st.stm32cube.ide.mcu.externaltools.gnu-tools-for-stm32.7-2018-q2-update.win32_1.5.0.202011040924\tools\arm-none-eabi\bin\ld.exe: Warning: size of symbol `dashboard_128x64' changed from 1 in Core/Src/main.o to 1024 in Core/Src/ssd1306_graphic.o
c:\st\stm32cubeide_1.5.0\stm32cubeide\plugins\com.st.stm32cube.ide.mcu.externaltools.gnu-tools-for-stm32.7-2018-q2-update.win32_1.5.0.202011040924\tools\arm-none-eabi\bin\ld.exe: Warning: size of symbol `left_blinker' changed from 1 in Core/Src/main.o to 1024 in Core/Src/ssd1306_graphic.o
c:\st\stm32cubeide_1.5.0\stm32cubeide\plugins\com.st.stm32cube.ide.mcu.externaltools.gnu-tools-for-stm32.7-2018-q2-update.win32_1.5.0.202011040924\tools\arm-none-eabi\bin\ld.exe: Warning: size of symbol `right_blinker' changed from 1 in Core/Src/main.o to 1024 in Core/Src/ssd1306_graphic.o
c:\st\stm32cubeide_1.5.0\stm32cubeide\plugins\com.st.stm32cube.ide.mcu.externaltools.gnu-tools-for-stm32.7-2018-q2-update.win32_1.5.0.202011040924\tools\arm-none-eabi\bin\ld.exe: Warning: size of symbol `hazard_blinker' changed from 1 in Core/Src/main.o to 1024 in Core/Src/ssd1306_graphic.o
Finished building target: CAN_node_1.elf
 
arm-none-eabi-objdump -h -S  CAN_node_1.elf  > "CAN_node_1.list"
arm-none-eabi-objcopy  -O binary  CAN_node_1.elf  "CAN_node_1.bin"
arm-none-eabi-size   CAN_node_1.elf 
   text	   data	    bss	    dec	    hex	filename
  49908	    144	   7080	  57132	   df2c	CAN_node_1.elf
Finished building: default.size.stdout
 
Finished building: CAN_node_1.bin
 
Finished building: CAN_node_1.list
 
